Archive member included because of file (symbol)

c:/altera/13.0sp1/nios2eds/bin/gnu/h-i686-mingw32/bin/../lib/gcc/nios2-elf/4.1.2/mno-hw-mul\libgcc.a(lib2-divmod.o)
                              obj/default/hello_world.o (__modsi3)
../6_bsp/\libhal_bsp.a(alt_main.o)
                              ../6_bsp//obj/HAL/src/crt0.o (alt_main)
../6_bsp/\libhal_bsp.a(alt_sys_init.o)
                              ../6_bsp/\libhal_bsp.a(alt_main.o) (alt_irq_init)
../6_bsp/\libhal_bsp.a(altera_nios2_qsys_irq.o)
                              ../6_bsp/\libhal_bsp.a(alt_sys_init.o) (altera_nios2_qsys_irq_init)

Memory Configuration

Name             Origin             Length             Attributes
reset            0x00002000         0x00000020
memory           0x00002020         0x00001fe0
*default*        0x00000000         0xffffffff

Linker script and memory map

LOAD ../6_bsp//obj/HAL/src/crt0.o
                0x0000200c                exit = _exit
LOAD obj/default/hello_world.o
LOAD c:/altera/13.0sp1/nios2eds/bin/gnu/h-i686-mingw32/bin/../lib/gcc/nios2-elf/4.1.2/../../../../nios2-elf/lib/mno-hw-mul\libstdc++.a
LOAD c:/altera/13.0sp1/nios2eds/bin/gnu/h-i686-mingw32/bin/../lib/gcc/nios2-elf/4.1.2/../../../../nios2-elf/lib/mno-hw-mul\libm.a
LOAD c:/altera/13.0sp1/nios2eds/bin/gnu/h-i686-mingw32/bin/../lib/gcc/nios2-elf/4.1.2/mno-hw-mul\libgcc.a
START GROUP
LOAD c:/altera/13.0sp1/nios2eds/bin/gnu/h-i686-mingw32/bin/../lib/gcc/nios2-elf/4.1.2/../../../../nios2-elf/lib/mno-hw-mul\libsmallc.a
LOAD c:/altera/13.0sp1/nios2eds/bin/gnu/h-i686-mingw32/bin/../lib/gcc/nios2-elf/4.1.2/mno-hw-mul\libgcc.a
LOAD ../6_bsp/\libhal_bsp.a
END GROUP
LOAD c:/altera/13.0sp1/nios2eds/bin/gnu/h-i686-mingw32/bin/../lib/gcc/nios2-elf/4.1.2/mno-hw-mul\libgcc.a
                0x00002000                __alt_mem_memory = 0x2000

.entry          0x00002000       0x20
 *(.entry)
 .entry         0x00002000       0x20 ../6_bsp//obj/HAL/src/crt0.o
                0x00002000                __reset
                0x0000200c                _exit

.exceptions     0x00002020        0x0
                0x00002020                PROVIDE (__ram_exceptions_start, ABSOLUTE (.))
                0x00002020                . = ALIGN (0x20)
 *(.irq)
 *(.exceptions.entry.label)
 *(.exceptions.entry.user)
 *(.exceptions.entry)
 *(.exceptions.irqtest.user)
 *(.exceptions.irqtest)
 *(.exceptions.irqhandler.user)
 *(.exceptions.irqhandler)
 *(.exceptions.irqreturn.user)
 *(.exceptions.irqreturn)
 *(.exceptions.notirq.label)
 *(.exceptions.notirq.user)
 *(.exceptions.notirq)
 *(.exceptions.soft.user)
 *(.exceptions.soft)
 *(.exceptions.unknown.user)
 *(.exceptions.unknown)
 *(.exceptions.exit.label)
 *(.exceptions.exit.user)
 *(.exceptions.exit)
 *(.exceptions)
                0x00002020                PROVIDE (__ram_exceptions_end, ABSOLUTE (.))
                0x00002020                PROVIDE (__flash_exceptions_start, LOADADDR (.exceptions))

.text           0x00002020      0x324
                0x00002020                PROVIDE (stext, ABSOLUTE (.))
 *(.interp)
 *(.hash)
 *(.dynsym)
 *(.dynstr)
 *(.gnu.version)
 *(.gnu.version_d)
 *(.gnu.version_r)
 *(.rel.init)
 *(.rela.init)
 *(.rel.text .rel.text.* .rel.gnu.linkonce.t.*)
 *(.rela.text .rela.text.* .rela.gnu.linkonce.t.*)
 *(.rel.fini)
 *(.rela.fini)
 *(.rel.rodata .rel.rodata.* .rel.gnu.linkonce.r.*)
 *(.rela.rodata .rela.rodata.* .rela.gnu.linkonce.r.*)
 *(.rel.data .rel.data.* .rel.gnu.linkonce.d.*)
 *(.rela.data .rela.data.* .rela.gnu.linkonce.d.*)
 *(.rel.tdata .rel.tdata.* .rel.gnu.linkonce.td.*)
 *(.rela.tdata .rela.tdata.* .rela.gnu.linkonce.td.*)
 *(.rel.tbss .rel.tbss.* .rel.gnu.linkonce.tb.*)
 *(.rela.tbss .rela.tbss.* .rela.gnu.linkonce.tb.*)
 *(.rel.ctors)
 *(.rela.ctors)
 *(.rel.dtors)
 *(.rela.dtors)
 *(.rel.got)
 *(.rela.got)
 *(.rel.sdata .rel.sdata.* .rel.gnu.linkonce.s.*)
 *(.rela.sdata .rela.sdata.* .rela.gnu.linkonce.s.*)
 *(.rel.sbss .rel.sbss.* .rel.gnu.linkonce.sb.*)
 *(.rela.sbss .rela.sbss.* .rela.gnu.linkonce.sb.*)
 *(.rel.sdata2 .rel.sdata2.* .rel.gnu.linkonce.s2.*)
 *(.rela.sdata2 .rela.sdata2.* .rela.gnu.linkonce.s2.*)
 *(.rel.sbss2 .rel.sbss2.* .rel.gnu.linkonce.sb2.*)
 *(.rela.sbss2 .rela.sbss2.* .rela.gnu.linkonce.sb2.*)
 *(.rel.bss .rel.bss.* .rel.gnu.linkonce.b.*)
 *(.rela.bss .rela.bss.* .rela.gnu.linkonce.b.*)
 *(.rel.plt)
 *(.rela.plt)
 *(.rel.dyn)
 *(.init)
 *(.plt)
 *(.text .stub .text.* .gnu.linkonce.t.*)
 .text          0x00002020       0x38 ../6_bsp//obj/HAL/src/crt0.o
                0x00002020                _start
 .text          0x00002058       0xf0 obj/default/hello_world.o
                0x00002058                main
 .text          0x00002148      0x14c c:/altera/13.0sp1/nios2eds/bin/gnu/h-i686-mingw32/bin/../lib/gcc/nios2-elf/4.1.2/mno-hw-mul\libgcc.a(lib2-divmod.o)
                0x000021c4                __divsi3
                0x00002224                __modsi3
                0x00002284                __udivsi3
                0x0000228c                __umodsi3
 .text          0x00002294       0x40 ../6_bsp/\libhal_bsp.a(alt_main.o)
                0x00002294                alt_main
 .text          0x000022d4       0x50 ../6_bsp/\libhal_bsp.a(alt_sys_init.o)
                0x000022d4                alt_irq_init
                0x00002308                alt_sys_init
 .text          0x00002324       0x20 ../6_bsp/\libhal_bsp.a(altera_nios2_qsys_irq.o)
                0x00002324                altera_nios2_qsys_irq_init
 *(.gnu.warning.*)
 *(.fini)
                0x00002344                PROVIDE (__etext, ABSOLUTE (.))
                0x00002344                PROVIDE (_etext, ABSOLUTE (.))
                0x00002344                PROVIDE (etext, ABSOLUTE (.))
 *(.eh_frame_hdr)
                0x00002344                . = ALIGN (0x4)
                0x00002344                PROVIDE (__preinit_array_start, ABSOLUTE (.))
 *(.preinit_array)
                0x00002344                PROVIDE (__preinit_array_end, ABSOLUTE (.))
                0x00002344                PROVIDE (__init_array_start, ABSOLUTE (.))
 *(.init_array)
                0x00002344                PROVIDE (__init_array_end, ABSOLUTE (.))
                0x00002344                PROVIDE (__fini_array_start, ABSOLUTE (.))
 *(.fini_array)
                0x00002344                PROVIDE (__fini_array_end, ABSOLUTE (.))
 *(.eh_frame)
 *(.gcc_except_table)
 *(.dynamic)
                0x00002344                PROVIDE (__CTOR_LIST__, ABSOLUTE (.))
 *(.ctors)
 *(SORT(.ctors.*))
                0x00002344                PROVIDE (__CTOR_END__, ABSOLUTE (.))
                0x00002344                PROVIDE (__DTOR_LIST__, ABSOLUTE (.))
 *(.dtors)
 *(SORT(.dtors.*))
                0x00002344                PROVIDE (__DTOR_END__, ABSOLUTE (.))
 *(.jcr)
                0x00002344                . = ALIGN (0x4)

.rodata         0x00002344       0x20
                0x00002344                PROVIDE (__ram_rodata_start, ABSOLUTE (.))
                0x00002344                . = ALIGN (0x4)
 *(.rodata .rodata.* .gnu.linkonce.r.*)
 .rodata        0x00002344       0x20 obj/default/hello_world.o
 *(.rodata1)
                0x00002364                . = ALIGN (0x4)
                0x00002364                PROVIDE (__ram_rodata_end, ABSOLUTE (.))
                0x00002344                PROVIDE (__flash_rodata_start, LOADADDR (.rodata))

.rwdata         0x00002364        0x0
                0x00002364                PROVIDE (__ram_rwdata_start, ABSOLUTE (.))
                0x00002364                . = ALIGN (0x4)
 *(.got.plt)
 *(.got)
 *(.data1)
 *(.data .data.* .gnu.linkonce.d.*)
 .data          0x00002364        0x0 ../6_bsp//obj/HAL/src/crt0.o
 .data          0x00002364        0x0 obj/default/hello_world.o
 .data          0x00002364        0x0 c:/altera/13.0sp1/nios2eds/bin/gnu/h-i686-mingw32/bin/../lib/gcc/nios2-elf/4.1.2/mno-hw-mul\libgcc.a(lib2-divmod.o)
 .data          0x00002364        0x0 ../6_bsp/\libhal_bsp.a(alt_main.o)
 .data          0x00002364        0x0 ../6_bsp/\libhal_bsp.a(alt_sys_init.o)
 .data          0x00002364        0x0 ../6_bsp/\libhal_bsp.a(altera_nios2_qsys_irq.o)
                0x0000a364                _gp = ABSOLUTE ((. + 0x8000))
                0x0000a364                PROVIDE (gp, _gp)
 *(.rwdata .rwdata.*)
 *(.sdata .sdata.* .gnu.linkonce.s.*)
 *(.sdata2 .sdata2.* .gnu.linkonce.s2.*)
                0x00002364                . = ALIGN (0x4)
                0x00002364                _edata = ABSOLUTE (.)
                0x00002364                PROVIDE (edata, ABSOLUTE (.))
                0x00002364                PROVIDE (__ram_rwdata_end, ABSOLUTE (.))
                0x00002364                PROVIDE (__flash_rwdata_start, LOADADDR (.rwdata))

.bss            0x00002364        0xc
                0x00002364                __bss_start = ABSOLUTE (.)
                0x00002364                PROVIDE (__sbss_start, ABSOLUTE (.))
                0x00002364                PROVIDE (___sbss_start, ABSOLUTE (.))
 *(.dynsbss)
 *(.sbss .sbss.* .gnu.linkonce.sb.*)
 .sbss          0x00002364        0xc ../6_bsp/\libhal_bsp.a(alt_main.o)
                0x00002364                alt_argc
                0x00002368                alt_argv
                0x0000236c                alt_envp
 *(.sbss2 .sbss2.* .gnu.linkonce.sb2.*)
 *(.scommon)
                0x00002370                PROVIDE (__sbss_end, ABSOLUTE (.))
                0x00002370                PROVIDE (___sbss_end, ABSOLUTE (.))
 *(.dynbss)
 *(.bss .bss.* .gnu.linkonce.b.*)
 .bss           0x00002370        0x0 ../6_bsp//obj/HAL/src/crt0.o
 .bss           0x00002370        0x0 obj/default/hello_world.o
 .bss           0x00002370        0x0 c:/altera/13.0sp1/nios2eds/bin/gnu/h-i686-mingw32/bin/../lib/gcc/nios2-elf/4.1.2/mno-hw-mul\libgcc.a(lib2-divmod.o)
 .bss           0x00002370        0x0 ../6_bsp/\libhal_bsp.a(alt_main.o)
 .bss           0x00002370        0x0 ../6_bsp/\libhal_bsp.a(alt_sys_init.o)
 .bss           0x00002370        0x0 ../6_bsp/\libhal_bsp.a(altera_nios2_qsys_irq.o)
 *(COMMON)
                0x00002370                . = ALIGN (0x4)
                0x00002370                __bss_end = ABSOLUTE (.)

.memory         0x00002370        0x0
                0x00002370                PROVIDE (_alt_partition_memory_start, ABSOLUTE (.))
 *(.memory. memory.*)
                0x00002370                . = ALIGN (0x4)
                0x00002370                PROVIDE (_alt_partition_memory_end, ABSOLUTE (.))
                0x00002370                _end = ABSOLUTE (.)
                0x00002370                end = ABSOLUTE (.)
                0x00002370                __alt_stack_base = ABSOLUTE (.)
                0x00002370                PROVIDE (_alt_partition_memory_load_addr, LOADADDR (.memory))

.stab
 *(.stab)

.stabstr
 *(.stabstr)

.stab.excl
 *(.stab.excl)

.stab.exclstr
 *(.stab.exclstr)

.stab.index
 *(.stab.index)

.stab.indexstr
 *(.stab.indexstr)

.comment        0x00000000       0x26
 *(.comment)
 .comment       0x00000000       0x26 obj/default/hello_world.o
                                 0x27 (size before relaxing)
 .comment       0x00000000       0x27 c:/altera/13.0sp1/nios2eds/bin/gnu/h-i686-mingw32/bin/../lib/gcc/nios2-elf/4.1.2/mno-hw-mul\libgcc.a(lib2-divmod.o)
 .comment       0x00000000       0x27 ../6_bsp/\libhal_bsp.a(alt_main.o)
 .comment       0x00000000       0x27 ../6_bsp/\libhal_bsp.a(alt_sys_init.o)
 .comment       0x00000000       0x27 ../6_bsp/\libhal_bsp.a(altera_nios2_qsys_irq.o)

.debug
 *(.debug)

.line
 *(.line)

.debug_srcinfo
 *(.debug_srcinfo)

.debug_sfnames
 *(.debug_sfnames)

.debug_aranges  0x00000000       0xc8
 *(.debug_aranges)
 .debug_aranges
                0x00000000       0x28 ../6_bsp//obj/HAL/src/crt0.o
 .debug_aranges
                0x00000028       0x20 obj/default/hello_world.o
 .debug_aranges
                0x00000048       0x20 c:/altera/13.0sp1/nios2eds/bin/gnu/h-i686-mingw32/bin/../lib/gcc/nios2-elf/4.1.2/mno-hw-mul\libgcc.a(lib2-divmod.o)
 .debug_aranges
                0x00000068       0x20 ../6_bsp/\libhal_bsp.a(alt_main.o)
 .debug_aranges
                0x00000088       0x20 ../6_bsp/\libhal_bsp.a(alt_sys_init.o)
 .debug_aranges
                0x000000a8       0x20 ../6_bsp/\libhal_bsp.a(altera_nios2_qsys_irq.o)

.debug_pubnames
                0x00000000      0x10e
 *(.debug_pubnames)
 .debug_pubnames
                0x00000000       0x1b obj/default/hello_world.o
 .debug_pubnames
                0x0000001b       0x48 c:/altera/13.0sp1/nios2eds/bin/gnu/h-i686-mingw32/bin/../lib/gcc/nios2-elf/4.1.2/mno-hw-mul\libgcc.a(lib2-divmod.o)
 .debug_pubnames
                0x00000063       0x46 ../6_bsp/\libhal_bsp.a(alt_main.o)
 .debug_pubnames
                0x000000a9       0x34 ../6_bsp/\libhal_bsp.a(alt_sys_init.o)
 .debug_pubnames
                0x000000dd       0x31 ../6_bsp/\libhal_bsp.a(altera_nios2_qsys_irq.o)

.debug_info     0x00000000      0x93c
 *(.debug_info .gnu.linkonce.wi.*)
 .debug_info    0x00000000       0x4f ../6_bsp//obj/HAL/src/crt0.o
 .debug_info    0x0000004f      0x160 obj/default/hello_world.o
 .debug_info    0x000001af      0x21c c:/altera/13.0sp1/nios2eds/bin/gnu/h-i686-mingw32/bin/../lib/gcc/nios2-elf/4.1.2/mno-hw-mul\libgcc.a(lib2-divmod.o)
 .debug_info    0x000003cb      0x22a ../6_bsp/\libhal_bsp.a(alt_main.o)
 .debug_info    0x000005f5      0x1c9 ../6_bsp/\libhal_bsp.a(alt_sys_init.o)
 .debug_info    0x000007be      0x17e ../6_bsp/\libhal_bsp.a(altera_nios2_qsys_irq.o)

.debug_abbrev   0x00000000      0x329
 *(.debug_abbrev)
 .debug_abbrev  0x00000000       0x12 ../6_bsp//obj/HAL/src/crt0.o
 .debug_abbrev  0x00000012       0x72 obj/default/hello_world.o
 .debug_abbrev  0x00000084       0xe0 c:/altera/13.0sp1/nios2eds/bin/gnu/h-i686-mingw32/bin/../lib/gcc/nios2-elf/4.1.2/mno-hw-mul\libgcc.a(lib2-divmod.o)
 .debug_abbrev  0x00000164       0xad ../6_bsp/\libhal_bsp.a(alt_main.o)
 .debug_abbrev  0x00000211       0xb4 ../6_bsp/\libhal_bsp.a(alt_sys_init.o)
 .debug_abbrev  0x000002c5       0x64 ../6_bsp/\libhal_bsp.a(altera_nios2_qsys_irq.o)

.debug_line     0x00000000      0xb6f
 *(.debug_line)
 .debug_line    0x00000000       0x63 ../6_bsp//obj/HAL/src/crt0.o
 .debug_line    0x00000063      0x223 obj/default/hello_world.o
 .debug_line    0x00000286      0x24f c:/altera/13.0sp1/nios2eds/bin/gnu/h-i686-mingw32/bin/../lib/gcc/nios2-elf/4.1.2/mno-hw-mul\libgcc.a(lib2-divmod.o)
 .debug_line    0x000004d5      0x2be ../6_bsp/\libhal_bsp.a(alt_main.o)
 .debug_line    0x00000793      0x1f5 ../6_bsp/\libhal_bsp.a(alt_sys_init.o)
 .debug_line    0x00000988      0x1e7 ../6_bsp/\libhal_bsp.a(altera_nios2_qsys_irq.o)

.debug_frame    0x00000000      0x13c
 *(.debug_frame)
 .debug_frame   0x00000000       0x2c obj/default/hello_world.o
 .debug_frame   0x0000002c       0x70 c:/altera/13.0sp1/nios2eds/bin/gnu/h-i686-mingw32/bin/../lib/gcc/nios2-elf/4.1.2/mno-hw-mul\libgcc.a(lib2-divmod.o)
 .debug_frame   0x0000009c       0x2c ../6_bsp/\libhal_bsp.a(alt_main.o)
 .debug_frame   0x000000c8       0x48 ../6_bsp/\libhal_bsp.a(alt_sys_init.o)
 .debug_frame   0x00000110       0x2c ../6_bsp/\libhal_bsp.a(altera_nios2_qsys_irq.o)

.debug_str      0x00000000      0x1af
 *(.debug_str)
 .debug_str     0x00000000       0x12 obj/default/hello_world.o
 .debug_str     0x00000012      0x167 c:/altera/13.0sp1/nios2eds/bin/gnu/h-i686-mingw32/bin/../lib/gcc/nios2-elf/4.1.2/mno-hw-mul\libgcc.a(lib2-divmod.o)
                                0x1b4 (size before relaxing)
 .debug_str     0x00000179       0x12 ../6_bsp/\libhal_bsp.a(alt_main.o)
 .debug_str     0x0000018b       0x12 ../6_bsp/\libhal_bsp.a(alt_sys_init.o)
 .debug_str     0x0000019d       0x12 ../6_bsp/\libhal_bsp.a(altera_nios2_qsys_irq.o)

.debug_loc      0x00000000      0x2a9
 *(.debug_loc)
 .debug_loc     0x00000000       0x2b obj/default/hello_world.o
 .debug_loc     0x0000002b      0x1d2 c:/altera/13.0sp1/nios2eds/bin/gnu/h-i686-mingw32/bin/../lib/gcc/nios2-elf/4.1.2/mno-hw-mul\libgcc.a(lib2-divmod.o)
 .debug_loc     0x000001fd       0x2b ../6_bsp/\libhal_bsp.a(alt_main.o)
 .debug_loc     0x00000228       0x56 ../6_bsp/\libhal_bsp.a(alt_sys_init.o)
 .debug_loc     0x0000027e       0x2b ../6_bsp/\libhal_bsp.a(altera_nios2_qsys_irq.o)

.debug_macinfo
 *(.debug_macinfo)

.debug_weaknames
 *(.debug_weaknames)

.debug_funcnames
 *(.debug_funcnames)

.debug_typenames
 *(.debug_typenames)

.debug_varnames
 *(.debug_varnames)

.debug_alt_sim_info
                0x00000000       0x10
 *(.debug_alt_sim_info)
 .debug_alt_sim_info
                0x00000000       0x10 ../6_bsp//obj/HAL/src/crt0.o
                0x00004000                __alt_data_end = 0x4000
                0x00004000                PROVIDE (__alt_stack_pointer, __alt_data_end)
                0x00002370                PROVIDE (__alt_stack_limit, __alt_stack_base)
                0x00002370                PROVIDE (__alt_heap_start, end)
                0x00004000                PROVIDE (__alt_heap_limit, 0x4000)
OUTPUT(6.elf elf32-littlenios2)

.debug_ranges   0x00000000       0x20
 .debug_ranges  0x00000000       0x20 ../6_bsp//obj/HAL/src/crt0.o
