Archive member included because of file (symbol)

c:/altera/13.0sp1/nios2eds/bin/gnu/h-i686-mingw32/bin/../lib/gcc/nios2-elf/4.1.2\libgcc.a(_fixunsdfsi.o)
                              obj/default/dm9000a.o (__fixunsdfsi)
c:/altera/13.0sp1/nios2eds/bin/gnu/h-i686-mingw32/bin/../lib/gcc/nios2-elf/4.1.2\libgcc.a(_addsub_df.o)
                              c:/altera/13.0sp1/nios2eds/bin/gnu/h-i686-mingw32/bin/../lib/gcc/nios2-elf/4.1.2\libgcc.a(_fixunsdfsi.o) (__subdf3)
c:/altera/13.0sp1/nios2eds/bin/gnu/h-i686-mingw32/bin/../lib/gcc/nios2-elf/4.1.2\libgcc.a(_mul_df.o)
                              obj/default/dm9000a.o (__muldf3)
c:/altera/13.0sp1/nios2eds/bin/gnu/h-i686-mingw32/bin/../lib/gcc/nios2-elf/4.1.2\libgcc.a(_ge_df.o)
                              c:/altera/13.0sp1/nios2eds/bin/gnu/h-i686-mingw32/bin/../lib/gcc/nios2-elf/4.1.2\libgcc.a(_fixunsdfsi.o) (__gedf2)
c:/altera/13.0sp1/nios2eds/bin/gnu/h-i686-mingw32/bin/../lib/gcc/nios2-elf/4.1.2\libgcc.a(_df_to_si.o)
                              c:/altera/13.0sp1/nios2eds/bin/gnu/h-i686-mingw32/bin/../lib/gcc/nios2-elf/4.1.2\libgcc.a(_fixunsdfsi.o) (__fixdfsi)
c:/altera/13.0sp1/nios2eds/bin/gnu/h-i686-mingw32/bin/../lib/gcc/nios2-elf/4.1.2\libgcc.a(_thenan_df.o)
                              c:/altera/13.0sp1/nios2eds/bin/gnu/h-i686-mingw32/bin/../lib/gcc/nios2-elf/4.1.2\libgcc.a(_addsub_df.o) (__thenan_df)
c:/altera/13.0sp1/nios2eds/bin/gnu/h-i686-mingw32/bin/../lib/gcc/nios2-elf/4.1.2\libgcc.a(_usi_to_df.o)
                              obj/default/dm9000a.o (__floatunsidf)
c:/altera/13.0sp1/nios2eds/bin/gnu/h-i686-mingw32/bin/../lib/gcc/nios2-elf/4.1.2\libgcc.a(_muldi3.o)
                              c:/altera/13.0sp1/nios2eds/bin/gnu/h-i686-mingw32/bin/../lib/gcc/nios2-elf/4.1.2\libgcc.a(_mul_df.o) (__muldi3)
c:/altera/13.0sp1/nios2eds/bin/gnu/h-i686-mingw32/bin/../lib/gcc/nios2-elf/4.1.2\libgcc.a(_clzsi2.o)
                              c:/altera/13.0sp1/nios2eds/bin/gnu/h-i686-mingw32/bin/../lib/gcc/nios2-elf/4.1.2\libgcc.a(_usi_to_df.o) (__clzsi2)
c:/altera/13.0sp1/nios2eds/bin/gnu/h-i686-mingw32/bin/../lib/gcc/nios2-elf/4.1.2\libgcc.a(_pack_df.o)
                              c:/altera/13.0sp1/nios2eds/bin/gnu/h-i686-mingw32/bin/../lib/gcc/nios2-elf/4.1.2\libgcc.a(_addsub_df.o) (__pack_d)
c:/altera/13.0sp1/nios2eds/bin/gnu/h-i686-mingw32/bin/../lib/gcc/nios2-elf/4.1.2\libgcc.a(_unpack_df.o)
                              c:/altera/13.0sp1/nios2eds/bin/gnu/h-i686-mingw32/bin/../lib/gcc/nios2-elf/4.1.2\libgcc.a(_addsub_df.o) (__unpack_d)
c:/altera/13.0sp1/nios2eds/bin/gnu/h-i686-mingw32/bin/../lib/gcc/nios2-elf/4.1.2\libgcc.a(_fpcmp_parts_df.o)
                              c:/altera/13.0sp1/nios2eds/bin/gnu/h-i686-mingw32/bin/../lib/gcc/nios2-elf/4.1.2\libgcc.a(_ge_df.o) (__fpcmp_parts_d)
c:/altera/13.0sp1/nios2eds/bin/gnu/h-i686-mingw32/bin/../lib/gcc/nios2-elf/4.1.2\libgcc.a(_clz.o)
                              c:/altera/13.0sp1/nios2eds/bin/gnu/h-i686-mingw32/bin/../lib/gcc/nios2-elf/4.1.2\libgcc.a(_clzsi2.o) (__clz_tab)
c:/altera/13.0sp1/nios2eds/bin/gnu/h-i686-mingw32/bin/../lib/gcc/nios2-elf/4.1.2/../../../../nios2-elf/lib\libc.a(lib_a-atoi.o)
                              obj/default/iniche_init.o (atoi)
c:/altera/13.0sp1/nios2eds/bin/gnu/h-i686-mingw32/bin/../lib/gcc/nios2-elf/4.1.2/../../../../nios2-elf/lib\libc.a(lib_a-ctype_.o)
                              obj/default/network_utilities.o (__ctype_ptr)
c:/altera/13.0sp1/nios2eds/bin/gnu/h-i686-mingw32/bin/../lib/gcc/nios2-elf/4.1.2/../../../../nios2-elf/lib\libc.a(lib_a-errno.o)
                              obj/default/iniche_init.o (__errno)
c:/altera/13.0sp1/nios2eds/bin/gnu/h-i686-mingw32/bin/../lib/gcc/nios2-elf/4.1.2/../../../../nios2-elf/lib\libc.a(lib_a-exit.o)
                              obj/default/iniche_init.o (exit)
c:/altera/13.0sp1/nios2eds/bin/gnu/h-i686-mingw32/bin/../lib/gcc/nios2-elf/4.1.2/../../../../nios2-elf/lib\libc.a(lib_a-fprintf.o)
                              obj/default/alt_error_handler.o (fprintf)
c:/altera/13.0sp1/nios2eds/bin/gnu/h-i686-mingw32/bin/../lib/gcc/nios2-elf/4.1.2/../../../../nios2-elf/lib\libc.a(lib_a-fwrite.o)
                              obj/default/alt_error_handler.o (fwrite)
c:/altera/13.0sp1/nios2eds/bin/gnu/h-i686-mingw32/bin/../lib/gcc/nios2-elf/4.1.2/../../../../nios2-elf/lib\libc.a(lib_a-getc.o)
                              obj/default/network_utilities.o (getc)
c:/altera/13.0sp1/nios2eds/bin/gnu/h-i686-mingw32/bin/../lib/gcc/nios2-elf/4.1.2/../../../../nios2-elf/lib\libc.a(lib_a-impure.o)
                              obj/default/alt_error_handler.o (_impure_ptr)
c:/altera/13.0sp1/nios2eds/bin/gnu/h-i686-mingw32/bin/../lib/gcc/nios2-elf/4.1.2/../../../../nios2-elf/lib\libc.a(lib_a-memcpy.o)
                              obj/default/simple_socket_server.o (memcpy)
[...]
Memory Configuration

Name             Origin             Length             Attributes
sdram_0_BEFORE_EXCEPTION 0x00800000         0x00000020
sdram_0          0x00800020         0x007fffe0
reset            0x01400000         0x00000020
cfi_flash_0      0x01400020         0x003fffe0
sram_0           0x01a00000         0x00080000
epcs_controller  0x01a81800         0x00000800
*default*        0x00000000         0xffffffff

Linker script and memory map

LOAD ../rtc_socket_bsp//obj/HAL/src/crt0.o
LOAD obj/default/LCD.o
LOAD obj/default/SSS_DE2_115.o
LOAD obj/default/alt_error_handler.o
LOAD obj/default/dm9000a.o
LOAD obj/default/iniche_init.o
LOAD obj/default/led.o
LOAD obj/default/network_utilities.o
LOAD obj/default/simple_socket_server.o
LOAD obj/default/tse_my_system.o
LOAD c:/altera/13.0sp1/nios2eds/bin/gnu/h-i686-mingw32/bin/../lib/gcc/nios2-elf/4.1.2/../../../../nios2-elf/lib\libstdc++.a
LOAD c:/altera/13.0sp1/nios2eds/bin/gnu/h-i686-mingw32/bin/../lib/gcc/nios2-elf/4.1.2/../../../../nios2-elf/lib\libm.a
LOAD c:/altera/13.0sp1/nios2eds/bin/gnu/h-i686-mingw32/bin/../lib/gcc/nios2-elf/4.1.2\libgcc.a
START GROUP
LOAD c:/altera/13.0sp1/nios2eds/bin/gnu/h-i686-mingw32/bin/../lib/gcc/nios2-elf/4.1.2/../../../../nios2-elf/lib\libc.a
LOAD c:/altera/13.0sp1/nios2eds/bin/gnu/h-i686-mingw32/bin/../lib/gcc/nios2-elf/4.1.2\libgcc.a
LOAD ../rtc_socket_bsp/\libucosii_bsp.a
END GROUP
LOAD c:/altera/13.0sp1/nios2eds/bin/gnu/h-i686-mingw32/bin/../lib/gcc/nios2-elf/4.1.2\libgcc.a
                0x00800000                __alt_mem_sdram_0 = 0x800000
                0x01400000                __alt_mem_cfi_flash_0 = 0x1400000
                0x01a00000                __alt_mem_sram_0 = 0x1a00000
                0x01a81800                __alt_mem_epcs_controller = 0x1a81800

.entry          0x01400000        0x0
 *(.entry)
 .entry         0x01400000        0x0 ../rtc_socket_bsp//obj/HAL/src/crt0.o
                0x01400000                __reset

.exceptions     0x00800020      0x19c
                0x00800020                PROVIDE (__ram_exceptions_start, ABSOLUTE (.))
                0x00800020                . = ALIGN (0x20)
 *(.irq)
 *(.exceptions.entry.label)
 .exceptions.entry.label
                0x00800020        0x0 ../rtc_socket_bsp/\libucosii_bsp.a(alt_irq_entry.o)
                0x00800020                alt_irq_entry
 .exceptions.entry.label
                0x00800020        0x0 ../rtc_socket_bsp/\libucosii_bsp.a(alt_exception_entry.o)
                0x00800020                alt_exception
 *(.exceptions.entry.user)
 *(.exceptions.entry)
 .exceptions.entry
                0x00800020       0x54 ../rtc_socket_bsp/\libucosii_bsp.a(alt_exception_entry.o)
 *(.exceptions.irqtest.user)
 *(.exceptions.irqtest)
 .exceptions.irqtest
                0x00800074       0x10 ../rtc_socket_bsp/\libucosii_bsp.a(alt_irq_entry.o)
 *(.exceptions.irqhandler.user)
 *(.exceptions.irqhandler)
 .exceptions.irqhandler
                0x00800084        0x4 ../rtc_socket_bsp/\libucosii_bsp.a(alt_irq_entry.o)
 *(.exceptions.irqreturn.user)
 *(.exceptions.irqreturn)
 .exceptions.irqreturn
                0x00800088        0x4 ../rtc_socket_bsp/\libucosii_bsp.a(alt_irq_entry.o)
 *(.exceptions.notirq.label)
 .exceptions.notirq.label
                0x0080008c        0x0 ../rtc_socket_bsp/\libucosii_bsp.a(alt_irq_entry.o)
 *(.exceptions.notirq.user)
 *(.exceptions.notirq)
 .exceptions.notirq
                0x0080008c        0x8 ../rtc_socket_bsp/\libucosii_bsp.a(alt_exception_entry.o)
 *(.exceptions.soft.user)
 *(.exceptions.soft)
 *(.exceptions.unknown.user)
 *(.exceptions.unknown)
 .exceptions.unknown
                0x00800094        0x4 ../rtc_socket_bsp/\libucosii_bsp.a(alt_exception_entry.o)
 *(.exceptions.exit.label)
 .exceptions.exit.label
                0x00800098        0x0 ../rtc_socket_bsp/\libucosii_bsp.a(alt_irq_entry.o)
 .exceptions.exit.label
                0x00800098        0x0 ../rtc_socket_bsp/\libucosii_bsp.a(alt_exception_entry.o)
 *(.exceptions.exit.user)
 *(.exceptions.exit)
 .exceptions.exit
                0x00800098       0x54 ../rtc_socket_bsp/\libucosii_bsp.a(alt_exception_entry.o)
 *(.exceptions)
 .exceptions    0x008000ec       0xd0 ../rtc_socket_bsp/\libucosii_bsp.a(alt_irq_handler.o)
                0x008000ec                alt_irq_handler
                0x008001bc                PROVIDE (__ram_exceptions_end, ABSOLUTE (.))
                0x00800020                PROVIDE (__flash_exceptions_start, LOADADDR (.exceptions))

.text           0x008001bc    0x4701c
                0x008001bc                PROVIDE (stext, ABSOLUTE (.))
 *(.interp)
 *(.hash)
 *(.dynsym)
 *(.dynstr)
 *(.gnu.version)
 *(.gnu.version_d)
 *(.gnu.version_r)
 *(.rel.init)
 *(.rela.init)
 *(.rel.text .rel.text.* .rel.gnu.linkonce.t.*)
 *(.rela.text .rela.text.* .rela.gnu.linkonce.t.*)
 *(.rel.fini)
 *(.rela.fini)
 *(.rel.rodata .rel.rodata.* .rel.gnu.linkonce.r.*)
 *(.rela.rodata .rela.rodata.* .rela.gnu.linkonce.r.*)
 *(.rel.data .rel.data.* .rel.gnu.linkonce.d.*)
 *(.rela.data .rela.data.* .rela.gnu.linkonce.d.*)
 *(.rel.tdata .rel.tdata.* .rel.gnu.linkonce.td.*)
 *(.rela.tdata .rela.tdata.* .rela.gnu.linkonce.td.*)
 *(.rel.tbss .rel.tbss.* .rel.gnu.linkonce.tb.*)
 *(.rela.tbss .rela.tbss.* .rela.gnu.linkonce.tb.*)
 *(.rel.ctors)
 *(.rela.ctors)
 *(.rel.dtors)
 *(.rela.dtors)
 *(.rel.got)
 *(.rela.got)
 *(.rel.sdata .rel.sdata.* .rel.gnu.linkonce.s.*)
 *(.rela.sdata .rela.sdata.* .rela.gnu.linkonce.s.*)
 *(.rel.sbss .rel.sbss.* .rel.gnu.linkonce.sb.*)
 *(.rela.sbss .rela.sbss.* .rela.gnu.linkonce.sb.*)
 *(.rel.sdata2 .rel.sdata2.* .rel.gnu.linkonce.s2.*)
 *(.rela.sdata2 .rela.sdata2.* .rela.gnu.linkonce.s2.*)
 *(.rel.sbss2 .rel.sbss2.* .rel.gnu.linkonce.sb2.*)
 *(.rela.sbss2 .rela.sbss2.* .rela.gnu.linkonce.sb2.*)
 *(.rel.bss .rel.bss.* .rel.gnu.linkonce.b.*)
 *(.rela.bss .rela.bss.* .rela.gnu.linkonce.b.*)
 *(.rel.plt)
 *(.rela.plt)
 *(.rel.dyn)
 *(.init)
 *(.plt)
 *(.text .stub .text.* .gnu.linkonce.t.*)
 .text          0x008001bc       0x48 ../rtc_socket_bsp//obj/HAL/src/crt0.o
                0x008001bc                _start
 .text          0x00800204      0x31c obj/default/LCD.o
                0x00800204                LCD_Init
                0x008002a0                LCD_Show_Text
                0x00800328                LCD_Line2
                0x00800364                LCD_Line1
                0x008003a0                LCD_Clear
                0x008003dc                LCD_Test
 .text          0x00800520      0x2ec obj/default/SSS_DE2_115.o
                0x00800520                get_DE2_115_mac_addr
                0x008006c8                FindLastFlashSectorOffset
 .text          0x0080080c      0xba8 obj/default/alt_error_handler.o
                0x0080080c                alt_uCOSIIErrorHandler
                0x00800e30                alt_NetworkErrorHandler
                0x008010c8                alt_SSSErrorHandler
 .text          0x008013b4      0xe48 obj/default/dm9000a.o
                0x008013b4                dm9000a_iow
                0x00801408                dm9000a_ior
                0x00801454                phy_write
                0x008014f0                dm9000a_reset
                0x008016b4                TransmitPacket
                0x008017d0                prep_dm9000a
                0x008019ec                dm9000a_init
                0x00801e3c                dm9Ka_isr_wrap
                0x00801e7c                dm9ka_init
                0x00801f74                dm9ka_close
                0x00802084                dm9ka_stats
                0x008020e0                dm9ka_pkt_send
 .text          0x008021fc      0x43c obj/default/iniche_init.o
                0x008021fc                SSSInitialTask
                0x0080251c                main
 .text          0x00802638      0x324 obj/default/led.o
                0x00802638                led_bit_toggle
                0x00802704                LED7SegLightshowTask
                0x00802778                LEDManagementTask
 .text          0x0080295c      0x70c obj/default/network_utilities.o
                0x0080295c                get_mac_addr
                0x008029b4                get_ip_addr
                0x00802a10                get_serial_number
                0x00802bec                generate_and_store_mac_addr
                0x00802d98                generate_mac_addr
                0x00802ed4                get_board_mac_addr
 .text          0x00803068      0x968 obj/default/simple_socket_server.o
                0x00803068                SSSCreateOSDataStructs
                0x00803110                SSSCreateTasks
                0x008031d4                sss_reset_connection
                0x00803244                sss_send_menu
                0x008033d4                sss_handle_accept
                0x00803494                sss_exec_command
                0x00803638                sss_handle_receive
                0x00803824                SSSSimpleSocketServerTask
 .text          0x008039d0        0x0 obj/default/tse_my_system.o
 .text          0x008039d0       0xa4 c:/altera/13.0sp1/nios2eds/bin/gnu/h-i686-mingw32/bin/../lib/gcc/nios2-elf/4.1.2\libgcc.a(_fixunsdfsi.o)
                0x008039d0                __fixunsdfsi
 .text          0x00803a74      0x504 c:/altera/13.0sp1/nios2eds/bin/gnu/h-i686-mingw32/bin/../lib/gcc/nios2-elf/4.1.2\libgcc.a(_addsub_df.o)
                0x00803e84                __subdf3
                0x00803f04                __adddf3
 .text          0x00803f78      0x3c4 c:/altera/13.0sp1/nios2eds/bin/gnu/h-i686-mingw32/bin/../lib/gcc/nios2-elf/4.1.2\libgcc.a(_mul_df.o)
                0x00803f78                __muldf3
 .text          0x0080433c       0x88 c:/altera/13.0sp1/nios2eds/bin/gnu/h-i686-mingw32/bin/../lib/gcc/nios2-elf/4.1.2\libgcc.a(_ge_df.o)
                0x0080433c                __gedf2
 .text          0x008043c4       0xd8 c:/altera/13.0sp1/nios2eds/bin/gnu/h-i686-mingw32/bin/../lib/gcc/nios2-elf/4.1.2\libgcc.a(_df_to_si.o)
                0x008043c4                __fixdfsi
 .text          0x0080449c        0x0 c:/altera/13.0sp1/nios2eds/bin/gnu/h-i686-mingw32/bin/../lib/gcc/nios2-elf/4.1.2\libgcc.a(_thenan_df.o)
 .text          0x0080449c      0x194 c:/altera/13.0sp1/nios2eds/bin/gnu/h-i686-mingw32/bin/../lib/gcc/nios2-elf/4.1.2\libgcc.a(_usi_to_df.o)
                0x0080449c                __floatunsidf
 .text          0x00804630       0x98 c:/altera/13.0sp1/nios2eds/bin/gnu/h-i686-mingw32/bin/../lib/gcc/nios2-elf/4.1.2\libgcc.a(_muldi3.o)
                0x00804630                __muldi3
 .text          0x008046c8       0x80 c:/altera/13.0sp1/nios2eds/bin/gnu/h-i686-mingw32/bin/../lib/gcc/nios2-elf/4.1.2\libgcc.a(_clzsi2.o)
                0x008046c8                __clzsi2
 .text          0x00804748      0x314 c:/altera/13.0sp1/nios2eds/bin/gnu/h-i686-mingw32/bin/../lib/gcc/nios2-elf/4.1.2\libgcc.a(_pack_df.o)
                0x00804748                __pack_d
 .text          0x00804a5c      0x138 c:/altera/13.0sp1/nios2eds/bin/gnu/h-i686-mingw32/bin/../lib/gcc/nios2-elf/4.1.2\libgcc.a(_unpack_df.o)
                0x00804a5c                __unpack_d
 .text          0x00804b94       0xc8 c:/altera/13.0sp1/nios2eds/bin/gnu/h-i686-mingw32/bin/../lib/gcc/nios2-elf/4.1.2\libgcc.a(_fpcmp_parts_df.o)
                0x00804b94                __fpcmp_parts_d
 .text          0x00804c5c        0x0 c:/altera/13.0sp1/nios2eds/bin/gnu/h-i686-mingw32/bin/../lib/gcc/nios2-elf/4.1.2\libgcc.a(_clz.o)
 .text          0x00804c5c       0x18 c:/altera/13.0sp1/nios2eds/bin/gnu/h-i686-mingw32/bin/../lib/gcc/nios2-elf/4.1.2/../../../../nios2-elf/lib\libc.a(lib_a-atoi.o)
                0x00804c5c                _atoi_r
                0x00804c68                atoi
 .text          0x00804c74        0x0 c:/altera/13.0sp1/nios2eds/bin/gnu/h-i686-mingw32/bin/../lib/gcc/nios2-elf/4.1.2/../../../../nios2-elf/lib\libc.a(lib_a-ctype_.o)
 .text          0x00804c74       0x10 c:/altera/13.0sp1/nios2eds/bin/gnu/h-i686-mingw32/bin/../lib/gcc/nios2-elf/4.1.2/../../../../nios2-elf/lib\libc.a(lib_a-errno.o)
                0x00804c74                __errno
 .text          0x00804c84       0x38 c:/altera/13.0sp1/nios2eds/bin/gnu/h-i686-mingw32/bin/../lib/gcc/nios2-elf/4.1.2/../../../../nios2-elf/lib\libc.a(lib_a-exit.o)
                0x00804c84                exit
 .text          0x00804cbc       0x60 c:/altera/13.0sp1/nios2eds/bin/gnu/h-i686-mingw32/bin/../lib/gcc/nios2-elf/4.1.2/../../../../nios2-elf/lib\libc.a(lib_a-fprintf.o)
                0x00804cbc                fprintf
                0x00804ce8                _fprintf_r
 .text          0x00804d1c       0xdc c:/altera/13.0sp1/nios2eds/bin/gnu/h-i686-mingw32/bin/../lib/gcc/nios2-elf/4.1.2/../../../../nios2-elf/lib\libc.a(lib_a-fwrite.o)
                0x00804d1c                _fwrite_r
                0x00804db8                fwrite
 .text          0x00804df8      0x128 c:/altera/13.0sp1/nios2eds/bin/gnu/h-i686-mingw32/bin/../lib/gcc/nios2-elf/4.1.2/../../../../nios2-elf/lib\libc.a(lib_a-getc.o)
                0x00804df8                getc
                0x00804e90                _getc_r
 .text          0x00804f20        0x0 c:/altera/13.0sp1/nios2eds/bin/gnu/h-i686-mingw32/bin/../lib/gcc/nios2-elf/4.1.2/../../../../nios2-elf/lib\libc.a(lib_a-impure.o)
 .text          0x00804f20       0xa0 c:/altera/13.0sp1/nios2eds/bin/gnu/h-i686-mingw32/bin/../lib/gcc/nios2-elf/4.1.2/../../../../nios2-elf/lib\libc.a(lib_a-memcpy.o)
                0x00804f20                memcpy
 .text          0x00804fc0       0xe0 c:/altera/13.0sp1/nios2eds/bin/gnu/h-i686-mingw32/bin/../lib/gcc/nios2-elf/4.1.2/../../../../nios2-elf/lib\libc.a(lib_a-memmove.o)
                0x00804fc0                memmove
 .text          0x008050a0       0x98 c:/altera/13.0sp1/nios2eds/bin/gnu/h-i686-mingw32/bin/../lib/gcc/nios2-elf/4.1.2/../../../../nios2-elf/lib\libc.a(lib_a-memset.o)
                0x008050a0                memset
 .text          0x00805138       0x80 c:/altera/13.0sp1/nios2eds/bin/gnu/h-i686-mingw32/bin/../lib/gcc/nios2-elf/4.1.2/../../../../nios2-elf/lib\libc.a(lib_a-perror.o)
                0x00805138                _perror_r
                0x008051a4                perror
 .text          0x008051b8       0x78 c:/altera/13.0sp1/nios2eds/bin/gnu/h-i686-mingw32/bin/../lib/gcc/nios2-elf/4.1.2/../../../../nios2-elf/lib\libc.a(lib_a-printf.o)
                0x008051b8                printf
                0x008051fc                _printf_r
 .text          0x00805230      0x1ec c:/altera/13.0sp1/nios2eds/bin/gnu/h-i686-mingw32/bin/../lib/gcc/nios2-elf/4.1.2/../../../../nios2-elf/lib\libc.a(lib_a-putc.o)
                0x00805230                putc
                0x00805334                _putc_r
 .text          0x0080541c       0x24 c:/altera/13.0sp1/nios2eds/bin/gnu/h-i686-mingw32/bin/../lib/gcc/nios2-elf/4.1.2/../../../../nios2-elf/lib\libc.a(lib_a-putchar.o)
                0x0080541c                putchar
                0x00805438                _putchar_r
 .text          0x00805440       0xb4 c:/altera/13.0sp1/nios2eds/bin/gnu/h-i686-mingw32/bin/../lib/gcc/nios2-elf/4.1.2/../../../../nios2-elf/lib\libc.a(lib_a-puts.o)
                0x00805440                _puts_r
                0x008054e0                puts
 .text          0x008054f4       0x94 c:/altera/13.0sp1/nios2eds/bin/gnu/h-i686-mingw32/bin/../lib/gcc/nios2-elf/4.1.2/../../../../nios2-elf/lib\libc.a(lib_a-rand.o)
                0x008054f4                srand
                0x00805510                rand
 .text          0x00805588       0x60 c:/altera/13.0sp1/nios2eds/bin/gnu/h-i686-mingw32/bin/../lib/gcc/nios2-elf/4.1.2/../../../../nios2-elf/lib\libc.a(lib_a-rget.o)
                0x00805588                __srget_r
                0x008055d4                __srget
 .text          0x008055e8       0xd4 c:/altera/13.0sp1/nios2eds/bin/gnu/h-i686-mingw32/bin/../lib/gcc/nios2-elf/4.1.2/../../../../nios2-elf/lib\libc.a(lib_a-sprintf.o)
                0x008055e8                sprintf
                0x0080565c                _sprintf_r
 .text          0x008056bc       0xe0 c:/altera/13.0sp1/nios2eds/bin/gnu/h-i686-mingw32/bin/../lib/gcc/nios2-elf/4.1.2/../../../../nios2-elf/lib\libc.a(lib_a-strchr.o)
                0x008056bc                strchr
 .text          0x0080579c       0xbc c:/altera/13.0sp1/nios2eds/bin/gnu/h-i686-mingw32/bin/../lib/gcc/nios2-elf/4.1.2/../../../../nios2-elf/lib\libc.a(lib_a-strcmp.o)
                0x0080579c                strcmp
 .text          0x00805858      0x674 c:/altera/13.0sp1/nios2eds/bin/gnu/h-i686-mingw32/bin/../lib/gcc/nios2-elf/4.1.2/../../../../nios2-elf/lib\libc.a(lib_a-strerror.o)
                0x00805858                strerror
 .text          0x00805ecc       0x74 c:/altera/13.0sp1/nios2eds/bin/gnu/h-i686-mingw32/bin/../lib/gcc/nios2-elf/4.1.2/../../../../nios2-elf/lib\libc.a(lib_a-strlen.o)
                0x00805ecc                strlen
 .text          0x00805f40      0x268 c:/altera/13.0sp1/nios2eds/bin/gnu/h-i686-mingw32/bin/../lib/gcc/nios2-elf/4.1.2/../../../../nios2-elf/lib\libc.a(lib_a-strtol.o)
                0x00805f40                _strtol_r
                0x00806184                strtol
 .text          0x008061a8       0x5c c:/altera/13.0sp1/nios2eds/bin/gnu/h-i686-mingw32/bin/../lib/gcc/nios2-elf/4.1.2/../../../../nios2-elf/lib\libc.a(lib_a-time.o)
                0x008061a8                time
 .text          0x00806204        0x8 c:/altera/13.0sp1/nios2eds/bin/gnu/h-i686-mingw32/bin/../lib/gcc/nios2-elf/4.1.2/../../../../nios2-elf/lib\libc.a(lib_a-u_strerr.o)
                0x00806204                _user_strerror
 .text          0x0080620c     0x1f28 c:/altera/13.0sp1/nios2eds/bin/gnu/h-i686-mingw32/bin/../lib/gcc/nios2-elf/4.1.2/../../../../nios2-elf/lib\libc.a(lib_a-vfprintf.o)
                0x00806264                ___vfprintf_internal_r
                0x00808110                __vfprintf_internal
 .text          0x00808134      0x14c c:/altera/13.0sp1/nios2eds/bin/gnu/h-i686-mingw32/bin/../lib/gcc/nios2-elf/4.1.2/../../../../nios2-elf/lib\libc.a(lib_a-wbuf.o)
                0x00808134                __swbuf_r
                0x00808264                __swbuf
 .text          0x00808280      0x13c c:/altera/13.0sp1/nios2eds/bin/gnu/h-i686-mingw32/bin/../lib/gcc/nios2-elf/4.1.2/../../../../nios2-elf/lib\libc.a(lib_a-wsetup.o)
                0x00808280                __swsetup_r
 .text          0x008083bc      0x1b4 c:/altera/13.0sp1/nios2eds/bin/gnu/h-i686-mingw32/bin/../lib/gcc/nios2-elf/4.1.2/../../../../nios2-elf/lib\libc.a(lib_a-__call_atexit.o)
                0x008083c0                __call_exitprocs
 .text          0x00808570     0x17cc c:/altera/13.0sp1/nios2eds/bin/gnu/h-i686-mingw32/bin/../lib/gcc/nios2-elf/4.1.2/../../../../nios2-elf/lib\libc.a(lib_a-dtoa.o)
                0x00808788                _dtoa_r
 .text          0x00809d3c      0x230 c:/altera/13.0sp1/nios2eds/bin/gnu/h-i686-mingw32/bin/../lib/gcc/nios2-elf/4.1.2/../../../../nios2-elf/lib\libc.a(lib_a-fflush.o)
                0x00809d3c                _fflush_r
                0x00809f38                fflush
 .text          0x00809f6c      0x2c0 c:/altera/13.0sp1/nios2eds/bin/gnu/h-i686-mingw32/bin/../lib/gcc/nios2-elf/4.1.2/../../../../nios2-elf/lib\libc.a(lib_a-findfp.o)
                0x00809fc4                __sfp_lock_acquire
                0x00809fc8                __sfp_lock_release
                0x00809fcc                __sinit_lock_acquire
                0x00809fd0                __sinit_lock_release
                0x00809fd4                __sinit
                0x0080a088                __fp_unlock_all
                0x0080a0a0                __fp_lock_all
                0x0080a0b8                _cleanup_r
                0x0080a0c4                _cleanup
                0x0080a0d4                __sfmoreglue
                0x0080a13c                __sfp
 .text          0x0080a22c       0xbc c:/altera/13.0sp1/nios2eds/bin/gnu/h-i686-mingw32/bin/../lib/gcc/nios2-elf/4.1.2/../../../../nios2-elf/lib\libc.a(lib_a-fputc.o)
                0x0080a22c                fputc
                0x0080a290                _fputc_r
 .text          0x0080a2e8       0x90 c:/altera/13.0sp1/nios2eds/bin/gnu/h-i686-mingw32/bin/../lib/gcc/nios2-elf/4.1.2/../../../../nios2-elf/lib\libc.a(lib_a-fputs.o)
                0x0080a2e8                _fputs_r
                0x0080a35c                fputs
 .text          0x0080a378      0x440 c:/altera/13.0sp1/nios2eds/bin/gnu/h-i686-mingw32/bin/../lib/gcc/nios2-elf/4.1.2/../../../../nios2-elf/lib\libc.a(lib_a-freer.o)
                0x0080a378                _malloc_trim_r
                0x0080a4a4                _free_r
 .text          0x0080a7b8      0x49c c:/altera/13.0sp1/nios2eds/bin/gnu/h-i686-mingw32/bin/../lib/gcc/nios2-elf/4.1.2/../../../../nios2-elf/lib\libc.a(lib_a-fvwrite.o)
                0x0080a7b8                __sfvwrite_r
 .text          0x0080ac54      0x180 c:/altera/13.0sp1/nios2eds/bin/gnu/h-i686-mingw32/bin/../lib/gcc/nios2-elf/4.1.2/../../../../nios2-elf/lib\libc.a(lib_a-fwalk.o)
                0x0080ac54                _fwalk_reent
                0x0080ad1c                _fwalk
 .text          0x0080add4       0x74 c:/altera/13.0sp1/nios2eds/bin/gnu/h-i686-mingw32/bin/../lib/gcc/nios2-elf/4.1.2/../../../../nios2-elf/lib\libc.a(lib_a-gettimeofdayr.o)
                0x0080add4                _gettimeofday_r
 .text          0x0080ae48        0x0 c:/altera/13.0sp1/nios2eds/bin/gnu/h-i686-mingw32/bin/../lib/gcc/nios2-elf/4.1.2/../../../../nios2-elf/lib\libc.a(lib_a-int_errno.o)
 .text          0x0080ae48       0xc4 c:/altera/13.0sp1/nios2eds/bin/gnu/h-i686-mingw32/bin/../lib/gcc/nios2-elf/4.1.2/../../../../nios2-elf/lib\libc.a(lib_a-locale.o)
                0x0080ae48                __locale_charset
                0x0080ae50                _localeconv_r
                0x0080ae5c                localeconv
                0x0080ae6c                _setlocale_r
                0x0080aef0                setlocale
 .text          0x0080af0c      0x194 c:/altera/13.0sp1/nios2eds/bin/gnu/h-i686-mingw32/bin/../lib/gcc/nios2-elf/4.1.2/../../../../nios2-elf/lib\libc.a(lib_a-makebuf.o)
                0x0080af0c                __smakebuf_r
 .text          0x0080b0a0      0x740 c:/altera/13.0sp1/nios2eds/bin/gnu/h-i686-mingw32/bin/../lib/gcc/nios2-elf/4.1.2/../../../../nios2-elf/lib\libc.a(lib_a-mallocr.o)
                0x0080b0a0                _malloc_r
 .text          0x0080b7e0       0xe4 c:/altera/13.0sp1/nios2eds/bin/gnu/h-i686-mingw32/bin/../lib/gcc/nios2-elf/4.1.2/../../../../nios2-elf/lib\libc.a(lib_a-memchr.o)
                0x0080b7e0                memchr
 .text          0x0080b8c4      0xff4 c:/altera/13.0sp1/nios2eds/bin/gnu/h-i686-mingw32/bin/../lib/gcc/nios2-elf/4.1.2/../../../../nios2-elf/lib\libc.a(lib_a-mprec.o)
                0x0080b8c4                _Bfree
                0x0080b8ec                __hi0bits
                0x0080b95c                __lo0bits
                0x0080ba20                __mcmp
                0x0080ba80                __ulp
                0x0080bb00                __b2d
                0x0080bc20                __ratio
                0x0080bcd0                _mprec_log10
                0x0080bd64                __copybits
                0x0080bdbc                __any_on
                0x0080be44                _Balloc
                0x0080bf00                __d2b
                0x0080c07c                __mdiff
                0x0080c208                __lshift
                0x0080c354                __multiply
                0x0080c53c                __i2b
                0x0080c578                __multadd
                0x0080c678                __pow5mult
                0x0080c798                __s2b
 .text          0x0080c8b8      0x5f4 c:/altera/13.0sp1/nios2eds/bin/gnu/h-i686-mingw32/bin/../lib/gcc/nios2-elf/4.1.2/../../../../nios2-elf/lib\libc.a(lib_a-reallocr.o)
                0x0080c8b8                _realloc_r
 .text          0x0080ceac      0x1e0 c:/altera/13.0sp1/nios2eds/bin/gnu/h-i686-mingw32/bin/../lib/gcc/nios2-elf/4.1.2/../../../../nios2-elf/lib\libc.a(lib_a-refill.o)
                0x0080ceac                __srefill_r
 .text          0x0080d08c       0x40 c:/altera/13.0sp1/nios2eds/bin/gnu/h-i686-mingw32/bin/../lib/gcc/nios2-elf/4.1.2/../../../../nios2-elf/lib\libc.a(lib_a-s_isinfd.o)
                0x0080d08c                __isinfd
 .text          0x0080d0cc       0x30 c:/altera/13.0sp1/nios2eds/bin/gnu/h-i686-mingw32/bin/../lib/gcc/nios2-elf/4.1.2/../../../../nios2-elf/lib\libc.a(lib_a-s_isnand.o)
                0x0080d0cc                __isnand
 .text          0x0080d0fc       0x70 c:/altera/13.0sp1/nios2eds/bin/gnu/h-i686-mingw32/bin/../lib/gcc/nios2-elf/4.1.2/../../../../nios2-elf/lib\libc.a(lib_a-sbrkr.o)
                0x0080d0fc                _sbrk_r
 .text          0x0080d16c      0x14c c:/altera/13.0sp1/nios2eds/bin/gnu/h-i686-mingw32/bin/../lib/gcc/nios2-elf/4.1.2/../../../../nios2-elf/lib\libc.a(lib_a-stdio.o)
                0x0080d16c                __sclose
                0x0080d174                __sseek
                0x0080d1dc                __swrite
                0x0080d258                __sread
 .text          0x0080d2b8       0x78 c:/altera/13.0sp1/nios2eds/bin/gnu/h-i686-mingw32/bin/../lib/gcc/nios2-elf/4.1.2/../../../../nios2-elf/lib\libc.a(lib_a-writer.o)
                0x0080d2b8                _write_r
 .text          0x0080d330       0xb4 c:/altera/13.0sp1/nios2eds/bin/gnu/h-i686-mingw32/bin/../lib/gcc/nios2-elf/4.1.2/../../../../nios2-elf/lib\libc.a(lib_a-callocr.o)
                0x0080d330                _calloc_r
 .text          0x0080d3e4       0x70 c:/altera/13.0sp1/nios2eds/bin/gnu/h-i686-mingw32/bin/../lib/gcc/nios2-elf/4.1.2/../../../../nios2-elf/lib\libc.a(lib_a-closer.o)
                0x0080d3e4                _close_r
 .text          0x0080d454      0x124 c:/altera/13.0sp1/nios2eds/bin/gnu/h-i686-mingw32/bin/../lib/gcc/nios2-elf/4.1.2/../../../../nios2-elf/lib\libc.a(lib_a-fclose.o)
                0x0080d454                _fclose_r
                0x0080d564                fclose
 .text          0x0080d578       0x74 c:/altera/13.0sp1/nios2eds/bin/gnu/h-i686-mingw32/bin/../lib/gcc/nios2-elf/4.1.2/../../../../nios2-elf/lib\libc.a(lib_a-fstatr.o)
                0x0080d578                _fstat_r
 .text          0x0080d5ec       0x70 c:/altera/13.0sp1/nios2eds/bin/gnu/h-i686-mingw32/bin/../lib/gcc/nios2-elf/4.1.2/../../../../nios2-elf/lib\libc.a(lib_a-isattyr.o)
                0x0080d5ec                _isatty_r
 .text          0x0080d65c       0x78 c:/altera/13.0sp1/nios2eds/bin/gnu/h-i686-mingw32/bin/../lib/gcc/nios2-elf/4.1.2/../../../../nios2-elf/lib\libc.a(lib_a-lseekr.o)
                0x0080d65c                _lseek_r
 .text          0x0080d6d4       0x78 c:/altera/13.0sp1/nios2eds/bin/gnu/h-i686-mingw32/bin/../lib/gcc/nios2-elf/4.1.2/../../../../nios2-elf/lib\libc.a(lib_a-readr.o)
                0x0080d6d4                _read_r
 .text          0x0080d74c      0x5dc c:/altera/13.0sp1/nios2eds/bin/gnu/h-i686-mingw32/bin/../lib/gcc/nios2-elf/4.1.2\libgcc.a(_udivdi3.o)
                0x0080d74c                __udivdi3
 .text          0x0080dd28      0x5b0 c:/altera/13.0sp1/nios2eds/bin/gnu/h-i686-mingw32/bin/../lib/gcc/nios2-elf/4.1.2\libgcc.a(_umoddi3.o)
                0x0080dd28                __umoddi3
 .text          0x0080e2d8      0x258 c:/altera/13.0sp1/nios2eds/bin/gnu/h-i686-mingw32/bin/../lib/gcc/nios2-elf/4.1.2\libgcc.a(_div_df.o)
                0x0080e2d8                __divdf3
 .text          0x0080e530       0x88 c:/altera/13.0sp1/nios2eds/bin/gnu/h-i686-mingw32/bin/../lib/gcc/nios2-elf/4.1.2\libgcc.a(_eq_df.o)
                0x0080e530                __eqdf2
 .text          0x0080e5b8       0x88 c:/altera/13.0sp1/nios2eds/bin/gnu/h-i686-mingw32/bin/../lib/gcc/nios2-elf/4.1.2\libgcc.a(_ne_df.o)
                0x0080e5b8                __nedf2
 .text          0x0080e640       0x88 c:/altera/13.0sp1/nios2eds/bin/gnu/h-i686-mingw32/bin/../lib/gcc/nios2-elf/4.1.2\libgcc.a(_gt_df.o)
                0x0080e640                __gtdf2
 .text          0x0080e6c8       0x88 c:/altera/13.0sp1/nios2eds/bin/gnu/h-i686-mingw32/bin/../lib/gcc/nios2-elf/4.1.2\libgcc.a(_lt_df.o)
                0x0080e6c8                __ltdf2
 .text          0x0080e750       0xf8 c:/altera/13.0sp1/nios2eds/bin/gnu/h-i686-mingw32/bin/../lib/gcc/nios2-elf/4.1.2\libgcc.a(_si_to_df.o)
                0x0080e750                __floatsidf
 .text          0x0080e848      0x14c c:/altera/13.0sp1/nios2eds/bin/gnu/h-i686-mingw32/bin/../lib/gcc/nios2-elf/4.1.2\libgcc.a(lib2-divmod.o)
                0x0080e8c4                __divsi3
                0x0080e924                __modsi3
                0x0080e984                __udivsi3
                0x0080e98c                __umodsi3
 .text          0x0080e994       0x6c ../rtc_socket_bsp/\libucosii_bsp.a(alt_exit.o)
                0x0080e9d4                _exit
 .text          0x0080ea00       0xd0 ../rtc_socket_bsp/\libucosii_bsp.a(alt_flash_dev.o)
                0x0080ea00                alt_flash_open_dev
                0x0080ea7c                alt_flash_close_dev
 .text          0x0080ead0      0x134 ../rtc_socket_bsp/\libucosii_bsp.a(alt_fstat.o)
                0x0080ead0                fstat
 .text          0x0080ec04      0x21c ../rtc_socket_bsp/\libucosii_bsp.a(alt_gettod.o)
                0x0080ec04                gettimeofday
 .text          0x0080ee20      0x1c0 ../rtc_socket_bsp/\libucosii_bsp.a(alt_irq_register.o)
                0x0080ee20                alt_irq_register
 .text          0x0080efe0        0x0 ../rtc_socket_bsp/\libucosii_bsp.a(alt_irq_vars.o)
 .text          0x0080efe0      0x120 ../rtc_socket_bsp/\libucosii_bsp.a(alt_isatty.o)
                0x0080efe0                isatty
 .text          0x0080f100      0x150 ../rtc_socket_bsp/\libucosii_bsp.a(alt_lseek.o)
                0x0080f100                lseek
 .text          0x0080f250       0xc8 ../rtc_socket_bsp/\libucosii_bsp.a(alt_main.o)
                0x0080f250                alt_main
 .text          0x0080f318       0xbc ../rtc_socket_bsp/\libucosii_bsp.a(alt_sbrk.o)
                0x0080f318                sbrk
 .text          0x0080f3d4      0x1a8 ../rtc_socket_bsp/\libucosii_bsp.a(alt_tick.o)
                0x0080f3d4                alt_alarm_stop
                0x0080f46c                alt_tick
 .text          0x0080f57c      0x118 ../rtc_socket_bsp/\libucosii_bsp.a(alt_usleep.o)
                0x0080f57c                usleep
 .text          0x0080f694      0x108 ../rtc_socket_bsp/\libucosii_bsp.a(alt_env_lock.o)
                0x0080f694                __env_lock
                0x0080f740                __env_unlock
 .text          0x0080f79c      0x1d8 ../rtc_socket_bsp/\libucosii_bsp.a(alt_malloc_lock.o)
                0x0080f79c                __malloc_lock
                0x0080f8a4                __malloc_unlock
 .text          0x0080f974     0x2128 ../rtc_socket_bsp/\libucosii_bsp.a(os_core.o)
                0x0080f974                OSEventNameGet
                0x0080faa4                OSEventNameSet
                0x0080fbe8                OSEventPendMulti
                0x0081029c                OSInit
                0x008102f0                OSIntEnter
                0x0081036c                OSIntExit
                0x0081046c                OSSchedLock
                0x008104f8                OSSchedUnlock
                0x008105dc                OSStart
                0x0081064c                OSStatInit
                0x008106f8                OSTimeTick
                0x00810938                OSVersion
                0x00810958                OS_Dummy
                0x00810974                OS_EventTaskRdy
                0x00810b08                OS_EventTaskWait
                0x00810c18                OS_EventTaskWaitMulti
                0x00810d6c                OS_EventTaskRemove
                0x00810e24                OS_EventTaskRemoveMulti
                0x00810f28                OS_EventWaitListInit
                0x008112f4                OS_MemClr
                0x00811348                OS_MemCopy
                0x008113b4                OS_Sched
                0x008114f8                OS_StrCopy
                0x00811578                OS_StrLen
                0x008115d0                OS_TaskIdle
                0x0081162c                OS_TaskStat
                0x008116f4                OS_TaskStatStkChk
                0x008117bc                OS_TCBInit
 .text          0x00811a9c      0x18c ../rtc_socket_bsp/\libucosii_bsp.a(os_dbg.o)
                0x00811a9c                OSDebugInit
 .text          0x00811c28     0x193c ../rtc_socket_bsp/\libucosii_bsp.a(os_flag.o)
                0x00811c28                OSFlagAccept
                0x00811f5c                OSFlagCreate
                0x00812098                OSFlagDel
                0x00812340                OSFlagNameGet
                0x00812484                OSFlagNameSet
                0x008125d8                OSFlagPend
                0x00812c1c                OSFlagPendGetFlagsRdy
                0x00812c84                OSFlagPost
                0x0081302c                OSFlagQuery
                0x008132c4                OS_FlagInit
                0x008134b8                OS_FlagUnlink
 .text          0x00813564      0x808 ../rtc_socket_bsp/\libucosii_bsp.a(os_mem.o)
                0x00813564                OSMemCreate
                0x00813780                OSMemGet
                0x00813884                OSMemNameGet
                0x00813990                OSMemNameSet
                0x00813ab0                OSMemPut
                0x00813ba0                OSMemQuery
                0x00813c9c                OS_MemInit
 .text          0x00813d6c     0x1334 ../rtc_socket_bsp/\libucosii_bsp.a(os_q.o)
                0x00813d6c                OSQAccept
                0x00813ec0                OSQCreate
                0x008140d4                OSQDel
                0x008143d4                OSQFlush
                0x0081449c                OSQPend
                0x008147bc                OSQPendAbort
                0x00814938                OSQPost
                0x00814ab8                OSQPostFront
                0x00814c40                OSQPostOpt
                0x00814e74                OSQQuery
                0x00814ff4                OS_QInit
 .text          0x008150a0      0xbc8 ../rtc_socket_bsp/\libucosii_bsp.a(os_sem.o)
                0x008150a0                OSSemAccept
                0x00815160                OSSemCreate
                0x00815274                OSSemDel
                0x00815514                OSSemPend
                0x00815790                OSSemPendAbort
                0x0081590c                OSSemPost
                0x00815a34                OSSemQuery
                0x00815b64                OSSemSet
 .text          0x00815c68     0x1a40 ../rtc_socket_bsp/\libucosii_bsp.a(os_task.o)
                0x00815c68                OSTaskChangePrio
                0x008161dc                OSTaskCreate
                0x008163b0                OSTaskCreateExt
                0x008165b0                OSTaskDel
                0x008169bc                OSTaskDelReq
                0x00816b2c                OSTaskNameGet
                0x00816ce4                OSTaskNameSet
                0x00816ea8                OSTaskResume
                0x008170c0                OSTaskStkChk
                0x008172bc                OSTaskSuspend
                0x008174e8                OSTaskQuery
                0x0081762c                OS_TaskStkClr
 .text          0x008176a8      0x670 ../rtc_socket_bsp/\libucosii_bsp.a(os_time.o)
                0x008176a8                OSTimeDly
                0x008177f4                OSTimeDlyHMSM
                0x00817a40                OSTimeDlyResume
                0x00817c50                OSTimeGet
                0x00817cb4                OSTimeSet
 .text          0x00817d18      0x118 ../rtc_socket_bsp/\libucosii_bsp.a(alt_sys_init.o)
                0x00817d18                alt_irq_init
                0x00817d4c                alt_sys_init
 .text          0x00817e30      0x8c8 ../rtc_socket_bsp/\libucosii_bsp.a(altera_avalon_cfi_flash.o)
                0x00817e30                alt_flash_cfi_init
                0x00817f04                alt_flash_cfi_write
                0x008181c4                alt_flash_cfi_get_info
                0x00818254                alt_flash_cfi_read
                0x008182bc                alt_write_value_to_flash
                0x00818420                alt_flash_program_block
 .text          0x008186f8     0x14a8 ../rtc_socket_bsp/\libucosii_bsp.a(altera_avalon_cfi_flash_table.o)
                0x008186f8                alt_read_query_entry_8bit
                0x00818738                alt_read_query_entry_16bit
                0x0081877c                alt_read_query_entry_32bit
                0x008187c4                alt_write_flash_command_8bit_device_8bit_mode
                0x00818800                alt_write_flash_command_16bit_device_8bit_mode
                0x0081887c                alt_write_flash_command_32bit_device_8bit_mode
                0x008188c4                alt_write_flash_command_16bit_device_16bit_mode
                0x00818908                alt_write_flash_command_32bit_device_16bit_mode
                0x00818950                alt_write_flash_command_32bit_device_32bit_mode
                0x00818998                alt_write_native_8bit
                0x008189cc                alt_write_native_16bit
                0x00818a00                alt_write_native_32bit
                0x00818a30                alt_set_flash_width_func
                0x00818c10                alt_set_flash_algorithm_func
                0x00818d38                alt_read_cfi_table
                0x00819318                alt_read_cfi_width
                0x00819ac4                alt_check_primary_table
 .text          0x00819ba0      0x9e4 ../rtc_socket_bsp/\libucosii_bsp.a(altera_avalon_epcs_flash_controller.o)
                0x00819ba0                alt_epcs_flash_init
                0x00819fbc                alt_epcs_flash_write
                0x0081a23c                alt_epcs_flash_get_info
                0x0081a2cc                alt_epcs_flash_erase_block
                0x0081a3d0                alt_epcs_flash_write_block
                0x0081a4ec                alt_epcs_flash_read
 .text          0x0081a584      0x148 ../rtc_socket_bsp/\libucosii_bsp.a(altera_avalon_jtag_uart_fd.o)
                0x0081a584                altera_avalon_jtag_uart_read_fd
                0x0081a5dc                altera_avalon_jtag_uart_write_fd
                0x0081a634                altera_avalon_jtag_uart_close_fd
                0x0081a67c                altera_avalon_jtag_uart_ioctl_fd
 .text          0x0081a6cc      0x584 ../rtc_socket_bsp/\libucosii_bsp.a(altera_avalon_jtag_uart_init.o)
                0x0081a6cc                altera_avalon_jtag_uart_init
                0x0081abdc                altera_avalon_jtag_uart_close
 .text          0x0081ac50       0xf4 ../rtc_socket_bsp/\libucosii_bsp.a(altera_avalon_jtag_uart_ioctl.o)
                0x0081ac50                altera_avalon_jtag_uart_ioctl
 .text          0x0081ad44      0x2c0 ../rtc_socket_bsp/\libucosii_bsp.a(altera_avalon_jtag_uart_read.o)
                0x0081ad44                altera_avalon_jtag_uart_read
 .text          0x0081b004      0x2dc ../rtc_socket_bsp/\libucosii_bsp.a(altera_avalon_jtag_uart_write.o)
                0x0081b004                altera_avalon_jtag_uart_write
 .text          0x0081b2e0      0xf3c ../rtc_socket_bsp/\libucosii_bsp.a(altera_avalon_lcd_16207.o)
                0x0081bab4                altera_avalon_lcd_16207_write
                0x0081c0b8                altera_avalon_lcd_16207_init
 .text          0x0081c21c       0x58 ../rtc_socket_bsp/\libucosii_bsp.a(altera_avalon_lcd_16207_fd.o)
                0x0081c21c                altera_avalon_lcd_16207_write_fd
 .text          0x0081c274      0x100 ../rtc_socket_bsp/\libucosii_bsp.a(altera_avalon_timer_sc.o)
                0x0081c2e4                alt_avalon_timer_sc_init
 .text          0x0081c374       0xf8 ../rtc_socket_bsp/\libucosii_bsp.a(altera_avalon_uart_fd.o)
                0x0081c374                altera_avalon_uart_read_fd
                0x0081c3cc                altera_avalon_uart_write_fd
                0x0081c424                altera_avalon_uart_close_fd
 .text          0x0081c46c      0x57c ../rtc_socket_bsp/\libucosii_bsp.a(altera_avalon_uart_init.o)
                0x0081c46c                altera_avalon_uart_init
                0x0081c988                altera_avalon_uart_close
 .text          0x0081c9e8      0x310 ../rtc_socket_bsp/\libucosii_bsp.a(altera_avalon_uart_read.o)
                0x0081c9e8                altera_avalon_uart_read
 .text          0x0081ccf8      0x2a8 ../rtc_socket_bsp/\libucosii_bsp.a(altera_avalon_uart_write.o)
                0x0081ccf8                altera_avalon_uart_write
 .text          0x0081cfa0      0x6d4 ../rtc_socket_bsp/\libucosii_bsp.a(epcs_commands.o)
                0x0081cfa0                epcs_read_status_register
                0x0081d000                epcs_sector_erase
                0x0081d168                epcs_read_buffer
                0x0081d2b4                epcs_write_enable
                0x0081d304                epcs_write_status_register
                0x0081d368                epcs_write_buffer
                0x0081d4d8                epcs_read_electronic_signature
                0x0081d544                epcs_read_device_id
                0x0081d5c4                epcs_enter_4_bytes_mode
                0x0081d61c                epcs_exit_4_bytes_mode
 .text          0x0081d674       0x54 ../rtc_socket_bsp/\libucosii_bsp.a(alt_iniche_close.o)
                0x0081d674                close
 .text          0x0081d6c8      0x144 ../rtc_socket_bsp/\libucosii_bsp.a(alt_iniche_dev.o)
                0x0081d6c8                iniche_devices_init
 .text          0x0081d80c       0x78 ../rtc_socket_bsp/\libucosii_bsp.a(alt_iniche_read.o)
                0x0081d80c                read
 .text          0x0081d884       0x70 ../rtc_socket_bsp/\libucosii_bsp.a(alt_iniche_write.o)
                0x0081d884                write
 .text          0x0081d8f4      0xedc ../rtc_socket_bsp/\libucosii_bsp.a(ipnet.o)
                0x0081d8f4                Netinit
                0x0081df40                fixup_subnet_mask
                0x0081e0a0                netclose
                0x0081e188                pktdemux
                0x0081e55c                c_older
                0x0081e62c                ip2mac
 .text          0x0081e7d0      0x4b0 ../rtc_socket_bsp/\libucosii_bsp.a(ipstart.o)
                0x0081e7d0                ip_startup
                0x0081eab4                exit_hook
                0x0081eb20                ip_exit
                0x0081ebf0                if_netnumber
 .text          0x0081ec80     0x10e8 ../rtc_socket_bsp/\libucosii_bsp.a(igmp_cmn.o)
                0x0081ec80                igmp_init
                0x0081ed70                igmp_input
                0x0081ee68                igmp_fasttimo
                0x0081f09c                igmp_send
                0x0081f344                igmp_joingroup
                0x0081f5b0                igmp_leavegroup
                0x0081f62c                igmp_validate
                0x0081f988                igmp_print_stats
 .text          0x0081fd68      0xbc8 ../rtc_socket_bsp/\libucosii_bsp.a(bsdsock.o)
                0x0081fd68                bsd_accept
                0x0081fea0                bsd_getpeername
                0x0081ffcc                bsd_getsockname
                0x008200f8                bsd_i_sockoptlen
                0x008202b0                bsd_getsockopt
                0x008203d0                bsd_ioctl
                0x008204d4                bsd_inet_ntoa
                0x00820504                bsd_recvfrom
                0x00820664                bsd_select
                0x00820844                bsd_setsockopt
 .text          0x00820930      0x118 ../rtc_socket_bsp/\libucosii_bsp.a(cksum.o)
                0x00820930                ccksum
                0x008209e0                cksum
 .text          0x00820a48      0xa9c ../rtc_socket_bsp/\libucosii_bsp.a(in_utils.o)
                0x00820a48                do_trap
                0x00820a74                nextarg
                0x00820af0                hexdump
                0x00820c38                print_ipad
                0x00820cac                print_uptime
                0x00820dd8                panic
                0x00820e1c                print_eth
                0x00820f80                uslash
                0x00821000                ns_printf
                0x00821184                std_out
                0x008211c8                con_page
                0x008212b8                parse_args
 .text          0x008214e4      0x1c8 ../rtc_socket_bsp/\libucosii_bsp.a(netmain.o)
                0x008214e4                netmain
                0x008215d8                tk_netmain
                0x00821660                tk_nettick
 .text          0x008216ac      0x810 ../rtc_socket_bsp/\libucosii_bsp.a(parseip.o)
                0x008216ac                parse_ipad
                0x008219c8                inet_addr
                0x00821a30                hextoa
                0x00821aa0                inet_pton
                0x00821b4c                inet_ntop
                0x00821bd8                print46_addr
                0x00821c38                inet46_addr
                0x00821cfc                inet_setport
                0x00821d70                convert_ip
 .text          0x00821ebc      0x5e8 ../rtc_socket_bsp/\libucosii_bsp.a(tk_crnos.o)
                0x00821ebc                TK_OSTimeDly
                0x00821ee8                TK_OSTaskResume
                0x00821f58                tcp_sleep
                0x008220f8                tcp_wakeup
                0x008221fc                TK_OSTaskQuery
                0x00822270                tk_yield
                0x0082229c                tk_stats
 .text          0x008224a4     0x3294 ../rtc_socket_bsp/\libucosii_bsp.a(dhcpclnt.o)
                0x008224a4                dhc_get_srv_ipaddr
                0x00822534                dhc_init
                0x008225f0                dhc_set_callback
                0x00822634                dhc_upcall
                0x00822e64                dhc_buildheader
                0x00823080                dhc_discover
                0x00823598                dhc_rx_offer
                0x0082369c                dhc_request
                0x008241d8                dhc_setip
                0x00824458                dhc_resetip
                0x0082453c                dhc_decline
                0x00824720                dhc_extract_opts
                0x008249dc                dhc_second
                0x008252cc                dhc_halt
                0x00825354                dhc_reclaim
                0x00825524                dhc_state_init
                0x00825584                dhc_alldone
                0x00825614                dhc_ifacedone
                0x00825688                dhc_set_state
 .text          0x00825738       0xcc ../rtc_socket_bsp/\libucosii_bsp.a(dhcputil.o)
                0x00825738                find_opt
 .text          0x00825804      0x79c ../rtc_socket_bsp/\libucosii_bsp.a(pktalloc.o)
                0x00825804                pk_init
                0x00825a94                pk_alloc
                0x00825b70                pk_validate
                0x00825e28                pk_free
                0x00825ed4                pk_get_max_intrsafe_buf_len
                0x00825ef4                dump_buf_estats
 .text          0x00825fa0      0x288 ../rtc_socket_bsp/\libucosii_bsp.a(q.o)
                0x00825fa0                getq
                0x00826068                putq
                0x00826118                qdel
 .text          0x00826228      0x31c ../rtc_socket_bsp/\libucosii_bsp.a(udp_open.o)
                0x00826228                udp_open
                0x00826460                udp_close
 .text          0x00826544      0x194 ../rtc_socket_bsp/\libucosii_bsp.a(asm_cksum.o)
                0x00826544                asm_cksum
 .text          0x008266d8      0x2e4 ../rtc_socket_bsp/\libucosii_bsp.a(brdutils.o)
                0x008266d8                dtrap
                0x00826708                kbhit
                0x008267b4                getch
                0x00826814                clock_init
                0x00826850                clock_c
                0x0082686c                cticks_hook
                0x0082691c                irq_Mask
                0x00826978                irq_Unmask
 .text          0x008269bc      0x488 ../rtc_socket_bsp/\libucosii_bsp.a(osportco.o)
                0x008269bc                LOCK_NET_RESOURCE
                0x00826a7c                UNLOCK_NET_RESOURCE
                0x00826b04                TK_NEWTASK
                0x00826d18                wait_app_sem
                0x00826dcc                post_app_sem
 .text          0x00826e44      0x568 ../rtc_socket_bsp/\libucosii_bsp.a(targnios.o)
                0x00826e44                alt_iniche_init
                0x00827060                pre_task_setup
                0x008270d4                post_task_setup
                0x008270f4                prep_armintcp
                0x0082712c                calloc2
                0x00827160                npalloc
                0x00827254                npfree
                0x0082730c                ncpalloc
                0x00827360                ncpfree
 .text          0x008273ac     0x19b8 ../rtc_socket_bsp/\libucosii_bsp.a(nptcp.o)
                0x008273ac                pffindtype
                0x0082744c                pffindproto
                0x0082751c                m_getnbuf
                0x008276c4                m_free
                0x008277f8                m_freem
                0x0082783c                m_copy
                0x00827b60                m_adj
                0x00827d30                mbuf_len
                0x00827d88                dtom
                0x00827e30                remque
                0x00827ea0                insque
                0x00827f1c                nptcp_init
                0x00828040                tcp_rcv
                0x0082822c                ip_output
                0x00828824                in_broadcast
                0x00828864                np_stripoptions
                0x0082894c                so_icmpdu
                0x00828ca4                tcp_tick
 .text          0x00828d64      0xa2c ../rtc_socket_bsp/\libucosii_bsp.a(rawsock.o)
                0x00828d64                rawip_lookup
                0x00828dd4                rawip_soinput
                0x00828fa8                rawip_usrreq
 .text          0x00829790     0x17fc ../rtc_socket_bsp/\libucosii_bsp.a(sockcall.o)
                0x00829790                DOMAIN_CHECK
                0x008297dc                t_socket
                0x0082986c                t_bind
                0x008299e8                t_listen
                0x00829acc                t_accept
                0x00829d64                t_connect
                0x0082a00c                t_getpeername
                0x0082a050                t_getsockname
                0x0082a290                t_setsockopt
                0x0082a46c                t_getsockopt
                0x0082a610                t_recv
                0x0082a700                t_recvfrom
                0x0082a850                t_sendto
                0x0082aa7c                t_send
                0x0082aca4                t_shutdown
                0x0082ad88                t_socketclose
                0x0082aef0                t_errno
 .text          0x0082af8c     0x23ec ../rtc_socket_bsp/\libucosii_bsp.a(socket.o)
                0x0082af8c                socreate
                0x0082b158                sobind
                0x0082b1b4                solisten
                0x0082b2a4                sofree
                0x0082b3d4                soclose
                0x0082b740                soabort
                0x0082b790                soaccept
                0x0082b82c                soconnect
                0x0082b900                sodisconnect
                0x0082b9a0                sosend
                0x0082bfa8                soreceive
                0x0082c78c                soshutdown
                0x0082c834                sorflush
                0x0082c934                sosetopt
                0x0082cdf4                sogetopt
                0x0082d334                sohasoutofband
 .text          0x0082d378     0x1318 ../rtc_socket_bsp/\libucosii_bsp.a(socket2.o)
                0x0082d378                soisconnecting
                0x0082d3e4                soisconnected
                0x0082d4e0                soisdisconnecting
                0x0082d56c                soisdisconnected
                0x0082d628                sonewconn
                0x0082d844                soqinsque
                0x0082d8f0                soqremque
                0x0082da10                socantsendmore
                0x0082da60                socantrcvmore
                0x0082dab0                sbselqueue
                0x0082dae8                sbwait
                0x0082db50                sbwakeup
                0x0082dbec                soreserve
                0x0082dc6c                sbreserve
                0x0082dccc                sbrelease
                0x0082dd14                sbappend
                0x0082ddbc                sbappendrecord
                0x0082de9c                sbappendaddr
                0x0082e0a4                sbcompress
                0x0082e28c                sbflush
                0x0082e31c                sbdrop
                0x0082e4ec                sbdropend
                0x0082e5fc                sbdroprecord
 .text          0x0082e690      0x914 ../rtc_socket_bsp/\libucosii_bsp.a(soselect.o)
                0x0082e690                t_select
                0x0082e8b0                sock_selscan
                0x0082ea08                sock_select
                0x0082ec1c                in_pcbnotify
                0x0082ece8                tcp_notify
                0x0082ed50                ifd_clr
                0x0082ee40                ifd_set
                0x0082eeb4                ifd_isset
                0x0082ef34                ifd_get
 .text          0x0082efa4     0x3020 ../rtc_socket_bsp/\libucosii_bsp.a(tcp_in.o)
                0x0082efa4                tcp_reass
                0x0082f3ac                tcp_input
                0x00831900                tcp_dooptions
                0x00831a90                tcp_pulloutofband
                0x00831bbc                tcp_xmit_timer
                0x00831e60                ip4_tcpmss
                0x00831ea8                tcp_mss
 .text          0x00831fc4     0x1360 ../rtc_socket_bsp/\libucosii_bsp.a(tcp_out.o)
                0x00831fc4                tcp_output
                0x00833140                tcp_setpersist
 .text          0x00833324      0x9e8 ../rtc_socket_bsp/\libucosii_bsp.a(tcp_subr.o)
                0x00833324                tcp_init
                0x0083337c                tcp_template
                0x00833494                tcp_respond
                0x0083391c                tcp_newtcpcb
                0x00833a34                tcp_drop
                0x00833ae0                tcp_close
                0x00833bc8                tcp_quench
                0x00833c14                tcp_putseq
                0x00833c94                tcp_getseq
 .text          0x00833d0c      0x798 ../rtc_socket_bsp/\libucosii_bsp.a(tcp_timr.o)
                0x00833d0c                tcp_slowtimo
                0x00833fac                tcp_canceltimers
                0x00834008                tcp_timers
 .text          0x008344a4      0x9ec ../rtc_socket_bsp/\libucosii_bsp.a(tcp_usr.o)
                0x008344a4                tcp_usrreq
                0x00834ba8                tcp_attach
                0x00834cdc                tcp_disconnect
                0x00834db0                tcp_usrclosed
 .text          0x00834e90       0x4c ../rtc_socket_bsp/\libucosii_bsp.a(tcpport.o)
                0x00834e90                tcpinit
 .text          0x00834edc      0xd20 ../rtc_socket_bsp/\libucosii_bsp.a(udpsock.o)
                0x00834edc                udp_lookup
                0x00834f4c                udp_soinput
                0x00835104                udp_usrreq
                0x00835388                udp4_sockbind
                0x008356c4                udp4_socksend
                0x00835aa0                udp4_sockaddr
 .text          0x00835bfc      0x154 ../rtc_socket_bsp/\libucosii_bsp.a(alt_alarm_start.o)
                0x00835bfc                alt_alarm_start
 .text          0x00835d50      0x14c ../rtc_socket_bsp/\libucosii_bsp.a(alt_busy_sleep.o)
                0x00835d50                alt_busy_sleep
 .text          0x00835e9c      0x15c ../rtc_socket_bsp/\libucosii_bsp.a(alt_close.o)
                0x00835e9c                alt_close
 .text          0x00835ff8       0x78 ../rtc_socket_bsp/\libucosii_bsp.a(alt_dcache_flush.o)
                0x00835ff8                alt_dcache_flush
 .text          0x00836070       0x2c ../rtc_socket_bsp/\libucosii_bsp.a(alt_dev.o)
 .text          0x0083609c      0x114 ../rtc_socket_bsp/\libucosii_bsp.a(alt_dev_llist_insert.o)
                0x0083609c                alt_dev_llist_insert
 .text          0x008361b0       0x64 ../rtc_socket_bsp/\libucosii_bsp.a(alt_do_ctors.o)
                0x008361b0                _do_ctors
 .text          0x00836214       0x64 ../rtc_socket_bsp/\libucosii_bsp.a(alt_do_dtors.o)
                0x00836214                _do_dtors
 .text          0x00836278        0x0 ../rtc_socket_bsp/\libucosii_bsp.a(alt_errno.o)
 .text          0x00836278       0x94 ../rtc_socket_bsp/\libucosii_bsp.a(alt_find_dev.o)
                0x00836278                alt_find_dev
 .text          0x0083630c      0x1d4 ../rtc_socket_bsp/\libucosii_bsp.a(alt_iic.o)
                0x0083630c                alt_ic_isr_register
                0x0083635c                alt_ic_irq_enable
                0x008363f8                alt_ic_irq_disable
                0x00836498                alt_ic_irq_enabled
 .text          0x008364e0       0xf8 ../rtc_socket_bsp/\libucosii_bsp.a(alt_iic_isr_register.o)
                0x008364e0                alt_iic_isr_register
 .text          0x008365d8      0x13c ../rtc_socket_bsp/\libucosii_bsp.a(alt_io_redirect.o)
                0x0083669c                alt_io_redirect
 .text          0x00836714        0x0 ../rtc_socket_bsp/\libucosii_bsp.a(alt_irq_entry.o)
 .text          0x00836714        0x0 ../rtc_socket_bsp/\libucosii_bsp.a(alt_irq_handler.o)
 .text          0x00836714      0x2c4 ../rtc_socket_bsp/\libucosii_bsp.a(alt_open.o)
                0x008367f0                open
 .text          0x008369d8      0x180 ../rtc_socket_bsp/\libucosii_bsp.a(alt_read.o)
                0x008369d8                alt_read
 .text          0x00836b58       0x60 ../rtc_socket_bsp/\libucosii_bsp.a(alt_release_fd.o)
                0x00836b58                alt_release_fd
 .text          0x00836bb8       0x38 ../rtc_socket_bsp/\libucosii_bsp.a(alt_remap_cached.o)
                0x00836bb8                alt_remap_cached
 .text          0x00836bf0       0x40 ../rtc_socket_bsp/\libucosii_bsp.a(alt_remap_uncached.o)
                0x00836bf0                alt_remap_uncached
 .text          0x00836c30      0x180 ../rtc_socket_bsp/\libucosii_bsp.a(alt_write.o)
                0x00836c30                alt_write
 .text          0x00836db0       0x20 ../rtc_socket_bsp/\libucosii_bsp.a(altera_nios2_qsys_irq.o)
                0x00836db0                altera_nios2_qsys_irq_init
 .text          0x00836dd0       0xd0 ../rtc_socket_bsp/\libucosii_bsp.a(os_cpu_a.o)
                0x00836dd0                OSCtxSw
                0x00836dd0                OSIntCtxSw
                0x00836e5c                OSStartHighRdy
                0x00836e7c                OSStartTsk
 .text          0x00836ea0      0x424 ../rtc_socket_bsp/\libucosii_bsp.a(os_cpu_c.o)
                0x00836ea0                OSTaskStkInit
                0x008371b0                OSTaskCreateHook
                0x008371d0                OSTaskDelHook
                0x008371f0                OSTaskSwHook
                0x0083720c                OSTaskStatHook
                0x00837228                OSTimeTickHook
                0x00837250                OSInitHookBegin
                0x0083726c                OSInitHookEnd
                0x00837288                OSTaskIdleHook
                0x008372a4                OSTCBInitHook
 .text          0x008372c4      0x460 ../rtc_socket_bsp/\libucosii_bsp.a(altera_avalon_cfi_flash_amd.o)
                0x008372c4                alt_program_amd
                0x0083732c                alt_erase_block_amd
 .text          0x00837724      0x460 ../rtc_socket_bsp/\libucosii_bsp.a(altera_avalon_cfi_flash_intel.o)
                0x00837724                alt_program_intel
                0x008377a8                alt_erase_block_intel
 .text          0x00837b84      0x238 ../rtc_socket_bsp/\libucosii_bsp.a(altera_avalon_spi.o)
                0x00837b84                alt_avalon_spi_command
 .text          0x00837dbc      0x444 ../rtc_socket_bsp/\libucosii_bsp.a(allports.o)
                0x00837dbc                netmain_init
                0x00837eb8                icmp_port_du
                0x00837f40                station_state
                0x008380a4                sysuptime
                0x00838138                packet_check
                0x00838184                mcastlist
                0x008381a8                prep_modules
 .text          0x00838200      0x580 ../rtc_socket_bsp/\libucosii_bsp.a(timeouts.o)
                0x00838200                inet_timer
                0x00838500                in_timerset
                0x008386d8                in_timerkill
 .text          0x00838780       0xa4 ../rtc_socket_bsp/\libucosii_bsp.a(tk_misc.o)
                0x00838780                create_apptasks
                0x008387a4                task_stats
 .text          0x00838824       0xb0 ../rtc_socket_bsp/\libucosii_bsp.a(alt_iniche_fcntl.o)
                0x00838824                fcntl
 .text          0x008388d4     0x15b0 ../rtc_socket_bsp/\libucosii_bsp.a(et_arp.o)
                0x008388d4                etainit
                0x00838928                et_send
                0x00838aa4                arp_free_pending
                0x00838b2c                arp_send_pending
                0x00838ba0                send_arp
                0x00839038                find_oldest_arp
                0x00839234                make_arp_entry
                0x00839348                arpReply
                0x008395dc                arprcv
                0x0083983c                send_via_arp
                0x00839a0c                cb_arpent_tmo
                0x00839bb8                grat_arp
 .text          0x00839e84      0x298 ../rtc_socket_bsp/\libucosii_bsp.a(iface.o)
                0x00839e84                if_getbynum
                0x00839f08                isbcast
                0x00839fe8                reg_type
                0x0083a084                if_killsocks
 .text          0x0083a11c     0x22a4 ../rtc_socket_bsp/\libucosii_bsp.a(ip.o)
                0x0083a11c                ip_init
                0x0083a218                ip_bldhead
                0x0083a3bc                ip_write_internal
                0x0083ab3c                ip_write
                0x0083ad84                ip_write2
                0x0083b134                ip_raw_write
                0x0083b20c                ip_fragment_lc
                0x0083b694                ip_fragment
                0x0083bcb8                ip_mymach
                0x0083bd64                ip_dump
                0x0083c01c                iproute
                0x0083c288                ip_copypkt
 .text          0x0083c3c0     0x1e08 ../rtc_socket_bsp/\libucosii_bsp.a(ip_reasm.o)
                0x0083c3c0                ip_reasm_match_frag_with_ire
                0x0083c490                ip_reasm_determine_type_of_frag
                0x0083c57c                ip_reasm_check_mem_useage
                0x0083c614                ip_reasm_incr_mem_useage
                0x0083c6bc                ip_reasm_decr_mem_useage
                0x0083c75c                ip_reasm_process_first_fragment
                0x0083ca3c                ip_reassm
                0x0083cadc                ip_reasm_compute_overlap
                0x0083d06c                ip_reasm_process_subsequent_fragments
                0x0083d600                ip_reasm_find_ire
                0x0083d664                ip_reasm_copy_queued_fragments_into_reassy_buffer
                0x0083d9c0                ip_reasm_process_timer_tick
                0x0083dae0                ip_reasm_delete_ire
                0x0083dca8                ip_reasm_mark_compact_rfq
                0x0083ddf0                ipr_stats
                0x0083e174                ip_reasm_send_icmp_timex
 .text          0x0083e1c8      0xe3c ../rtc_socket_bsp/\libucosii_bsp.a(ipdemux.o)
                0x0083e1c8                ip_rcv
                0x0083e5c8                ip_rcv_phase2
                0x0083ebd4                ip_demux
 .text          0x0083f004      0x2f0 ../rtc_socket_bsp/\libucosii_bsp.a(ipmc.o)
                0x0083f004                in_addmulti
                0x0083f16c                in_delmulti
                0x0083f284                lookup_mcast
 .text          0x0083f2f4       0xe4 ../rtc_socket_bsp/\libucosii_bsp.a(ipport.o)
                0x0083f2f4                prep_ifaces
                0x0083f388                netexit
                0x0083f3b0                evtmap_setup
 .text          0x0083f3d8      0x550 ../rtc_socket_bsp/\libucosii_bsp.a(ipraw.o)
                0x0083f3d8                ip_raw_open
                0x0083f4c8                ip_raw_close
                0x0083f588                ip_raw_input
                0x0083f7c0                ip_raw_alloc
                0x0083f88c                ip_raw_free
                0x0083f8cc                ip_raw_maxalloc
 .text          0x0083f928      0x6f0 ../rtc_socket_bsp/\libucosii_bsp.a(iproute.o)
                0x0083f928                rt_lookup
                0x0083faac                add_route
                0x0083fed4                del_route
 .text          0x00840018      0xe3c ../rtc_socket_bsp/\libucosii_bsp.a(udp.o)
                0x00840018                udpdemux
                0x00840870                udp_send
                0x00840b28                udpswap
                0x00840c58                udp_socket
                0x00840d28                udp_alloc
                0x00840de8                udp_maxalloc
                0x00840e14                udp_free
 .text          0x00840e54      0x2e8 ../rtc_socket_bsp/\libucosii_bsp.a(igmp.o)
                0x00840e54                igmpv1_input
 .text          0x0084113c      0x7c0 ../rtc_socket_bsp/\libucosii_bsp.a(igmp2.o)
                0x0084113c                igmpv2_input
                0x0084129c                igmpv2_process_report
                0x008413e8                igmpv2_process_query
                0x00841634                igmpv2_chk_set_timer
                0x0084178c                igmpv2_chk4_rtr_alert_opt
 .text          0x008418fc      0x8fc ../rtc_socket_bsp/\libucosii_bsp.a(ipopt.o)
                0x008418fc                IPADDR_TO_NETP
                0x00841a44                ip_setmoptions
                0x00842034                ip_getmoptions
                0x00842174                ip_freemoptions
 .text          0x008421f8      0x6e8 ../rtc_socket_bsp/\libucosii_bsp.a(u_mctest.o)
                0x008421f8                u_mctest_init
                0x00842228                u_mctest_run
 .text          0x008428e0      0x3d0 ../rtc_socket_bsp/\libucosii_bsp.a(dhcsetup.o)
                0x008428e0                dhc_setup
                0x00842bac                dhc_main_ipset
 .text          0x00842cb0      0x40c ../rtc_socket_bsp/\libucosii_bsp.a(memdev.o)
                0x00842cb0                init_memdev
                0x00842d28                md_fopen
                0x00842d50                md_fclose
                0x00842d70                md_fread
                0x00842ef0                md_fwrite
                0x00842f70                md_fseek
                0x00842f9c                md_ftell
                0x00842fc0                md_fgetc
                0x00843098                md_unlink
 .text          0x008430bc      0x1cc ../rtc_socket_bsp/\libucosii_bsp.a(tcpcksum.o)
                0x008430bc                tcp_cksum
 .text          0x00843288      0x900 ../rtc_socket_bsp/\libucosii_bsp.a(in_pcb.o)
                0x00843288                in_pcballoc
                0x0084331c                in_pcbdetach
                0x00843370                in_pcbbind
                0x008435c4                in_pcbconnect
                0x008437d4                in_pcbdisconnect
                0x00843834                in_setsockaddr
                0x008438b0                in_setpeeraddr
                0x0084392c                in_pcblookup
 .text          0x00843b88     0x1a74 ../rtc_socket_bsp/\libucosii_bsp.a(vfsfiles.o)
                0x00843b88                set_vfopen_error
                0x00843bb0                get_vfopen_error
                0x00843bd0                vf_alloc_and_link_vop
                0x00843c4c                vf_alloc_buffer
                0x00843d24                vf_free_buffer
                0x00843d74                vfopen_locked
                0x008440dc                vfopen
                0x0084412c                vfclose_locked
                0x008442d4                vfclose
                0x00844314                vfflush
                0x0084435c                vfgets
                0x00844440                vfeof
                0x00844498                vunlink_flag_open_files
                0x008444f4                vunlink
                0x00844714                vfread
                0x008448c0                vfwrite_locked
                0x00844ca8                vfwrite
                0x00844d08                vfseek
                0x00844e84                vftell
                0x00844fb8                vgetc_locked
                0x008450d8                vgetc
                0x00845120                vfslookup_locked
                0x00845258                vfslookup
                0x008452a0                strippath
                0x00845488                isvfile_locked
                0x008454ec                isvfile
                0x00845534                vferror
                0x008455a0                vclearerr
 .text          0x008455fc       0x24 ../rtc_socket_bsp/\libucosii_bsp.a(vfsport.o)
                0x008455fc                prep_vfs
 .text          0x00845620        0x0 ../rtc_socket_bsp/\libucosii_bsp.a(alt_exception_entry.o)
 .text          0x00845620      0x1b4 ../rtc_socket_bsp/\libucosii_bsp.a(alt_fcntl.o)
                0x00845620                alt_fcntl
 .text          0x008457d4      0x120 ../rtc_socket_bsp/\libucosii_bsp.a(alt_find_file.o)
                0x008457d4                alt_find_file
 .text          0x008458f4       0xf4 ../rtc_socket_bsp/\libucosii_bsp.a(alt_get_fd.o)
                0x008458f4                alt_get_fd
 .text          0x008459e8     0x130c ../rtc_socket_bsp/\libucosii_bsp.a(icmp.o)
                0x008459e8                icmprcv
                0x0084661c                icmp_destun
                0x0084696c                icmp_timex
                0x00846ca0                icmp_du
 .text          0x00846cf4       0x14 c:/altera/13.0sp1/nios2eds/bin/gnu/h-i686-mingw32/bin/../lib/gcc/nios2-elf/4.1.2/../../../../nios2-elf/lib\libc.a(lib_a-atexit.o)
                0x00846cf4                atexit
 .text          0x00846d08       0x1c c:/altera/13.0sp1/nios2eds/bin/gnu/h-i686-mingw32/bin/../lib/gcc/nios2-elf/4.1.2/../../../../nios2-elf/lib\libc.a(lib_a-calloc.o)
                0x00846d08                calloc
 .text          0x00846d24       0x28 c:/altera/13.0sp1/nios2eds/bin/gnu/h-i686-mingw32/bin/../lib/gcc/nios2-elf/4.1.2/../../../../nios2-elf/lib\libc.a(lib_a-malloc.o)
                0x00846d24                free
                0x00846d38                malloc
 .text          0x00846d4c       0x74 c:/altera/13.0sp1/nios2eds/bin/gnu/h-i686-mingw32/bin/../lib/gcc/nios2-elf/4.1.2/../../../../nios2-elf/lib\libc.a(lib_a-memcmp.o)
                0x00846d4c                memcmp
 .text          0x00846dc0       0x8c c:/altera/13.0sp1/nios2eds/bin/gnu/h-i686-mingw32/bin/../lib/gcc/nios2-elf/4.1.2/../../../../nios2-elf/lib\libc.a(lib_a-strcpy.o)
                0x00846dc0                strcpy
 .text          0x00846e4c       0xf0 c:/altera/13.0sp1/nios2eds/bin/gnu/h-i686-mingw32/bin/../lib/gcc/nios2-elf/4.1.2/../../../../nios2-elf/lib\libc.a(lib_a-strncmp.o)
                0x00846e4c                strncmp
 .text          0x00846f3c       0xbc c:/altera/13.0sp1/nios2eds/bin/gnu/h-i686-mingw32/bin/../lib/gcc/nios2-elf/4.1.2/../../../../nios2-elf/lib\libc.a(lib_a-strncpy.o)
                0x00846f3c                strncpy
 .text          0x00846ff8       0x34 c:/altera/13.0sp1/nios2eds/bin/gnu/h-i686-mingw32/bin/../lib/gcc/nios2-elf/4.1.2/../../../../nios2-elf/lib\libc.a(lib_a-vprintf.o)
                0x00846ff8                _vprintf_r
                0x0084700c                vprintf
 .text          0x0084702c       0x74 c:/altera/13.0sp1/nios2eds/bin/gnu/h-i686-mingw32/bin/../lib/gcc/nios2-elf/4.1.2/../../../../nios2-elf/lib\libc.a(lib_a-vsprintf.o)
                0x0084702c                _vsprintf_r
                0x0084707c                vsprintf
 .text          0x008470a0      0x134 c:/altera/13.0sp1/nios2eds/bin/gnu/h-i686-mingw32/bin/../lib/gcc/nios2-elf/4.1.2/../../../../nios2-elf/lib\libc.a(lib_a-__atexit.o)
                0x008470a0                __register_exitproc
 *(.gnu.warning.*)
 *(.fini)
                0x008471d4                PROVIDE (__etext, ABSOLUTE (.))
                0x008471d4                PROVIDE (_etext, ABSOLUTE (.))
                0x008471d4                PROVIDE (etext, ABSOLUTE (.))
 *(.eh_frame_hdr)
                0x008471d4                . = ALIGN (0x4)
                0x008471d4                PROVIDE (__preinit_array_start, ABSOLUTE (.))
 *(.preinit_array)
                0x008471d4                PROVIDE (__preinit_array_end, ABSOLUTE (.))
                0x008471d4                PROVIDE (__init_array_start, ABSOLUTE (.))
 *(.init_array)
                0x008471d4                PROVIDE (__init_array_end, ABSOLUTE (.))
                0x008471d4                PROVIDE (__fini_array_start, ABSOLUTE (.))
 *(.fini_array)
                0x008471d4                PROVIDE (__fini_array_end, ABSOLUTE (.))
 *(.eh_frame)
 *(.gcc_except_table)
 *(.dynamic)
                0x008471d4                PROVIDE (__CTOR_LIST__, ABSOLUTE (.))
 *(.ctors)
 *(SORT(.ctors.*))
 .ctors.65535   0x008471d4        0x4 c:/altera/13.0sp1/nios2eds/bin/gnu/h-i686-mingw32/bin/../lib/gcc/nios2-elf/4.1.2/../../../../nios2-elf/lib\libc.a(lib_a-__call_atexit.o)
                0x008471d8                PROVIDE (__CTOR_END__, ABSOLUTE (.))
                0x008471d8                PROVIDE (__DTOR_LIST__, ABSOLUTE (.))
 *(.dtors)
 *(SORT(.dtors.*))
                0x008471d8                PROVIDE (__DTOR_END__, ABSOLUTE (.))
 *(.jcr)
                0x008471d8                . = ALIGN (0x4)

.rodata         0x008471d8     0x4228
                0x008471d8                PROVIDE (__ram_rodata_start, ABSOLUTE (.))
                0x008471d8                . = ALIGN (0x4)
 *(.rodata .rodata.* .gnu.linkonce.r.*)
 .rodata        0x008471d8       0x60 obj/default/LCD.o
 .rodata        0x00847238       0xa8 obj/default/SSS_DE2_115.o
 .rodata        0x008472e0      0xba4 obj/default/alt_error_handler.o
 .rodata        0x00847e84       0x64 obj/default/dm9000a.o
 .rodata        0x00847ee8      0x118 obj/default/iniche_init.o
 .rodata        0x00848000      0x234 obj/default/network_utilities.o
 .rodata        0x00848234      0x2d4 obj/default/simple_socket_server.o
 .rodata        0x00848508       0x14 c:/altera/13.0sp1/nios2eds/bin/gnu/h-i686-mingw32/bin/../lib/gcc/nios2-elf/4.1.2\libgcc.a(_thenan_df.o)
                0x00848508                __thenan_df
 .rodata        0x0084851c      0x100 c:/altera/13.0sp1/nios2eds/bin/gnu/h-i686-mingw32/bin/../lib/gcc/nios2-elf/4.1.2\libgcc.a(_clz.o)
                0x0084851c                __clz_tab
 .rodata        0x0084861c      0x281 c:/altera/13.0sp1/nios2eds/bin/gnu/h-i686-mingw32/bin/../lib/gcc/nios2-elf/4.1.2/../../../../nios2-elf/lib\libc.a(lib_a-ctype_.o)
                0x0084861c                _ctype_
 *fill*         0x0084889d        0x3 00
 .rodata.str1.4
                0x008488a0        0x2 c:/altera/13.0sp1/nios2eds/bin/gnu/h-i686-mingw32/bin/../lib/gcc/nios2-elf/4.1.2/../../../../nios2-elf/lib\libc.a(lib_a-impure.o)
                                  0x4 (size before relaxing)
 *fill*         0x008488a2        0x2 00
 .rodata.str1.4
                0x008488a4        0x3 c:/altera/13.0sp1/nios2eds/bin/gnu/h-i686-mingw32/bin/../lib/gcc/nios2-elf/4.1.2/../../../../nios2-elf/lib\libc.a(lib_a-perror.o)
                                  0x4 (size before relaxing)
 *fill*         0x008488a7        0x1 00
 .rodata.str1.4
                0x008488a8        0x2 c:/altera/13.0sp1/nios2eds/bin/gnu/h-i686-mingw32/bin/../lib/gcc/nios2-elf/4.1.2/../../../../nios2-elf/lib\libc.a(lib_a-puts.o)
                                  0x4 (size before relaxing)
 *fill*         0x008488aa        0x2 00
 .rodata.str1.4
                0x008488ac      0x7a2 c:/altera/13.0sp1/nios2eds/bin/gnu/h-i686-mingw32/bin/../lib/gcc/nios2-elf/4.1.2/../../../../nios2-elf/lib\libc.a(lib_a-strerror.o)
                                0x7a8 (size before relaxing)
 *fill*         0x0084904e        0x2 00
 .rodata.str1.4
                0x00849050       0x5e c:/altera/13.0sp1/nios2eds/bin/gnu/h-i686-mingw32/bin/../lib/gcc/nios2-elf/4.1.2/../../../../nios2-elf/lib\libc.a(lib_a-vfprintf.o)
                                 0x60 (size before relaxing)
 .rodata        0x008490ae       0x20 c:/altera/13.0sp1/nios2eds/bin/gnu/h-i686-mingw32/bin/../lib/gcc/nios2-elf/4.1.2/../../../../nios2-elf/lib\libc.a(lib_a-vfprintf.o)
 *fill*         0x008490ce        0x2 00
 .rodata.str1.4
                0x008490d0       0x10 c:/altera/13.0sp1/nios2eds/bin/gnu/h-i686-mingw32/bin/../lib/gcc/nios2-elf/4.1.2/../../../../nios2-elf/lib\libc.a(lib_a-dtoa.o)
                                 0x14 (size before relaxing)
 .rodata.str1.4
                0x008490e0       0x10 c:/altera/13.0sp1/nios2eds/bin/gnu/h-i686-mingw32/bin/../lib/gcc/nios2-elf/4.1.2/../../../../nios2-elf/lib\libc.a(lib_a-locale.o)
                                 0x18 (size before relaxing)
 .rodata        0x008490f0       0x30 c:/altera/13.0sp1/nios2eds/bin/gnu/h-i686-mingw32/bin/../lib/gcc/nios2-elf/4.1.2/../../../../nios2-elf/lib\libc.a(lib_a-locale.o)
 .rodata        0x00849120      0x124 c:/altera/13.0sp1/nios2eds/bin/gnu/h-i686-mingw32/bin/../lib/gcc/nios2-elf/4.1.2/../../../../nios2-elf/lib\libc.a(lib_a-mprec.o)
                0x00849120                __mprec_tens
                0x008491e8                __mprec_bigtens
                0x00849210                __mprec_tinytens
 .rodata        0x00849244       0x14 ../rtc_socket_bsp/\libucosii_bsp.a(alt_main.o)
 .rodata        0x00849258      0x120 ../rtc_socket_bsp/\libucosii_bsp.a(os_core.o)
                0x00849258                OSUnMapTbl
 .rodata        0x00849378       0x60 ../rtc_socket_bsp/\libucosii_bsp.a(alt_sys_init.o)
 .rodata        0x008493d8       0xd8 ../rtc_socket_bsp/\libucosii_bsp.a(ipnet.o)
 .rodata        0x008494b0       0xec ../rtc_socket_bsp/\libucosii_bsp.a(ipstart.o)
 .rodata        0x0084959c      0x54c ../rtc_socket_bsp/\libucosii_bsp.a(igmp_cmn.o)
 .rodata        0x00849ae8       0xb8 ../rtc_socket_bsp/\libucosii_bsp.a(in_utils.o)
 .rodata        0x00849ba0       0x34 ../rtc_socket_bsp/\libucosii_bsp.a(netmain.o)
 .rodata        0x00849bd4       0x94 ../rtc_socket_bsp/\libucosii_bsp.a(parseip.o)
 .rodata        0x00849c68      0x1a8 ../rtc_socket_bsp/\libucosii_bsp.a(tk_crnos.o)
 .rodata        0x00849e10        0x8 ../rtc_socket_bsp/\libucosii_bsp.a(dhcpclnt.o)
 .rodata        0x00849e18      0x118 ../rtc_socket_bsp/\libucosii_bsp.a(pktalloc.o)
 .rodata        0x00849f30       0x84 ../rtc_socket_bsp/\libucosii_bsp.a(udp_open.o)
 .rodata        0x00849fb4       0x2c ../rtc_socket_bsp/\libucosii_bsp.a(brdutils.o)
 .rodata        0x00849fe0      0x26c ../rtc_socket_bsp/\libucosii_bsp.a(osportco.o)
 .rodata        0x0084a24c       0xa0 ../rtc_socket_bsp/\libucosii_bsp.a(targnios.o)
 .rodata        0x0084a2ec       0x90 ../rtc_socket_bsp/\libucosii_bsp.a(nptcp.o)
 .rodata        0x0084a37c        0x8 ../rtc_socket_bsp/\libucosii_bsp.a(sockcall.o)
 .rodata        0x0084a384       0x50 ../rtc_socket_bsp/\libucosii_bsp.a(socket.o)
 .rodata        0x0084a3d4       0x40 ../rtc_socket_bsp/\libucosii_bsp.a(socket2.o)
 .rodata        0x0084a414       0x20 ../rtc_socket_bsp/\libucosii_bsp.a(tcp_in.o)
 .rodata        0x0084a434       0x40 ../rtc_socket_bsp/\libucosii_bsp.a(tcp_out.o)
 .rodata        0x0084a474       0x24 ../rtc_socket_bsp/\libucosii_bsp.a(tcp_subr.o)
 .rodata        0x0084a498       0x2c ../rtc_socket_bsp/\libucosii_bsp.a(tcp_usr.o)
 .rodata        0x0084a4c4        0xc ../rtc_socket_bsp/\libucosii_bsp.a(alt_dev.o)
 .rodata        0x0084a4d0        0x4 ../rtc_socket_bsp/\libucosii_bsp.a(os_cpu_c.o)
 .rodata        0x0084a4d4      0x1d4 ../rtc_socket_bsp/\libucosii_bsp.a(allports.o)
 .rodata        0x0084a6a8       0x34 ../rtc_socket_bsp/\libucosii_bsp.a(tk_misc.o)
 .rodata        0x0084a6dc       0x44 ../rtc_socket_bsp/\libucosii_bsp.a(et_arp.o)
 .rodata        0x0084a720      0x1dc ../rtc_socket_bsp/\libucosii_bsp.a(ip.o)
 .rodata        0x0084a8fc      0x158 ../rtc_socket_bsp/\libucosii_bsp.a(ip_reasm.o)
 .rodata        0x0084aa54      0x120 ../rtc_socket_bsp/\libucosii_bsp.a(ipdemux.o)
 .rodata        0x0084ab74       0x34 ../rtc_socket_bsp/\libucosii_bsp.a(ipport.o)
 .rodata        0x0084aba8       0x24 ../rtc_socket_bsp/\libucosii_bsp.a(ipraw.o)
 .rodata        0x0084abcc       0x38 ../rtc_socket_bsp/\libucosii_bsp.a(iproute.o)
 .rodata        0x0084ac04       0xe8 ../rtc_socket_bsp/\libucosii_bsp.a(udp.o)
 .rodata        0x0084acec      0x2d0 ../rtc_socket_bsp/\libucosii_bsp.a(u_mctest.o)
 .rodata        0x0084afbc       0xf8 ../rtc_socket_bsp/\libucosii_bsp.a(dhcsetup.o)
 .rodata        0x0084b0b4       0x34 ../rtc_socket_bsp/\libucosii_bsp.a(vfsfiles.o)
 .rodata        0x0084b0e8      0x318 ../rtc_socket_bsp/\libucosii_bsp.a(icmp.o)
 *(.rodata1)
                0x0084b400                . = ALIGN (0x4)
                0x0084b400                PROVIDE (__ram_rodata_end, ABSOLUTE (.))
                0x008471d8                PROVIDE (__flash_rodata_start, LOADADDR (.rodata))

.rwdata         0x0084b400     0x213c
                0x0084b400                PROVIDE (__ram_rwdata_start, ABSOLUTE (.))
                0x0084b400                . = ALIGN (0x4)
 *(.got.plt)
 *(.got)
 *(.data1)
 *(.data .data.* .gnu.linkonce.d.*)
 .data          0x0084b400        0x0 ../rtc_socket_bsp//obj/HAL/src/crt0.o
 .data          0x0084b400        0x0 obj/default/LCD.o
 .data          0x0084b400        0x0 obj/default/SSS_DE2_115.o
 .data          0x0084b400        0x0 obj/default/alt_error_handler.o
 .data          0x0084b400        0x0 obj/default/dm9000a.o
 .data          0x0084b400       0x18 obj/default/iniche_init.o
                0x0084b400                ssstask
 .data          0x0084b418        0x0 obj/default/led.o
 .data          0x0084b418        0x0 obj/default/network_utilities.o
 .data          0x0084b418        0x0 obj/default/simple_socket_server.o
 .data          0x0084b418        0x0 obj/default/tse_my_system.o
 .data          0x0084b418        0x0 c:/altera/13.0sp1/nios2eds/bin/gnu/h-i686-mingw32/bin/../lib/gcc/nios2-elf/4.1.2\libgcc.a(_fixunsdfsi.o)
 .data          0x0084b418        0x0 c:/altera/13.0sp1/nios2eds/bin/gnu/h-i686-mingw32/bin/../lib/gcc/nios2-elf/4.1.2\libgcc.a(_addsub_df.o)
 .data          0x0084b418        0x0 c:/altera/13.0sp1/nios2eds/bin/gnu/h-i686-mingw32/bin/../lib/gcc/nios2-elf/4.1.2\libgcc.a(_mul_df.o)
 .data          0x0084b418        0x0 c:/altera/13.0sp1/nios2eds/bin/gnu/h-i686-mingw32/bin/../lib/gcc/nios2-elf/4.1.2\libgcc.a(_ge_df.o)
 .data          0x0084b418        0x0 c:/altera/13.0sp1/nios2eds/bin/gnu/h-i686-mingw32/bin/../lib/gcc/nios2-elf/4.1.2\libgcc.a(_df_to_si.o)
 .data          0x0084b418        0x0 c:/altera/13.0sp1/nios2eds/bin/gnu/h-i686-mingw32/bin/../lib/gcc/nios2-elf/4.1.2\libgcc.a(_thenan_df.o)
 .data          0x0084b418        0x0 c:/altera/13.0sp1/nios2eds/bin/gnu/h-i686-mingw32/bin/../lib/gcc/nios2-elf/4.1.2\libgcc.a(_usi_to_df.o)
 .data          0x0084b418        0x0 c:/altera/13.0sp1/nios2eds/bin/gnu/h-i686-mingw32/bin/../lib/gcc/nios2-elf/4.1.2\libgcc.a(_muldi3.o)
 .data          0x0084b418        0x0 c:/altera/13.0sp1/nios2eds/bin/gnu/h-i686-mingw32/bin/../lib/gcc/nios2-elf/4.1.2\libgcc.a(_clzsi2.o)
 .data          0x0084b418        0x0 c:/altera/13.0sp1/nios2eds/bin/gnu/h-i686-mingw32/bin/../lib/gcc/nios2-elf/4.1.2\libgcc.a(_pack_df.o)
 .data          0x0084b418        0x0 c:/altera/13.0sp1/nios2eds/bin/gnu/h-i686-mingw32/bin/../lib/gcc/nios2-elf/4.1.2\libgcc.a(_unpack_df.o)
 .data          0x0084b418        0x0 c:/altera/13.0sp1/nios2eds/bin/gnu/h-i686-mingw32/bin/../lib/gcc/nios2-elf/4.1.2\libgcc.a(_fpcmp_parts_df.o)
 .data          0x0084b418        0x0 c:/altera/13.0sp1/nios2eds/bin/gnu/h-i686-mingw32/bin/../lib/gcc/nios2-elf/4.1.2\libgcc.a(_clz.o)
 .data          0x0084b418        0x0 c:/altera/13.0sp1/nios2eds/bin/gnu/h-i686-mingw32/bin/../lib/gcc/nios2-elf/4.1.2/../../../../nios2-elf/lib\libc.a(lib_a-atoi.o)
 .data          0x0084b418        0x0 c:/altera/13.0sp1/nios2eds/bin/gnu/h-i686-mingw32/bin/../lib/gcc/nios2-elf/4.1.2/../../../../nios2-elf/lib\libc.a(lib_a-ctype_.o)
 .data          0x0084b418        0x0 c:/altera/13.0sp1/nios2eds/bin/gnu/h-i686-mingw32/bin/../lib/gcc/nios2-elf/4.1.2/../../../../nios2-elf/lib\libc.a(lib_a-errno.o)
 .data          0x0084b418        0x0 c:/altera/13.0sp1/nios2eds/bin/gnu/h-i686-mingw32/bin/../lib/gcc/nios2-elf/4.1.2/../../../../nios2-elf/lib\libc.a(lib_a-exit.o)
 .data          0x0084b418        0x0 c:/altera/13.0sp1/nios2eds/bin/gnu/h-i686-mingw32/bin/../lib/gcc/nios2-elf/4.1.2/../../../../nios2-elf/lib\libc.a(lib_a-fprintf.o)
 .data          0x0084b418        0x0 c:/altera/13.0sp1/nios2eds/bin/gnu/h-i686-mingw32/bin/../lib/gcc/nios2-elf/4.1.2/../../../../nios2-elf/lib\libc.a(lib_a-fwrite.o)
 .data          0x0084b418        0x0 c:/altera/13.0sp1/nios2eds/bin/gnu/h-i686-mingw32/bin/../lib/gcc/nios2-elf/4.1.2/../../../../nios2-elf/lib\libc.a(lib_a-getc.o)
 .data          0x0084b418      0x400 c:/altera/13.0sp1/nios2eds/bin/gnu/h-i686-mingw32/bin/../lib/gcc/nios2-elf/4.1.2/../../../../nios2-elf/lib\libc.a(lib_a-impure.o)
 .data          0x0084b818        0x0 c:/altera/13.0sp1/nios2eds/bin/gnu/h-i686-mingw32/bin/../lib/gcc/nios2-elf/4.1.2/../../../../nios2-elf/lib\libc.a(lib_a-memcpy.o)
 .data          0x0084b818        0x0 c:/altera/13.0sp1/nios2eds/bin/gnu/h-i686-mingw32/bin/../lib/gcc/nios2-elf/4.1.2/../../../../nios2-elf/lib\libc.a(lib_a-memmove.o)
 .data          0x0084b818        0x0 c:/altera/13.0sp1/nios2eds/bin/gnu/h-i686-mingw32/bin/../lib/gcc/nios2-elf/4.1.2/../../../../nios2-elf/lib\libc.a(lib_a-memset.o)
 .data          0x0084b818        0x0 c:/altera/13.0sp1/nios2eds/bin/gnu/h-i686-mingw32/bin/../lib/gcc/nios2-elf/4.1.2/../../../../nios2-elf/lib\libc.a(lib_a-perror.o)
 .data          0x0084b818        0x0 c:/altera/13.0sp1/nios2eds/bin/gnu/h-i686-mingw32/bin/../lib/gcc/nios2-elf/4.1.2/../../../../nios2-elf/lib\libc.a(lib_a-printf.o)
 .data          0x0084b818        0x0 c:/altera/13.0sp1/nios2eds/bin/gnu/h-i686-mingw32/bin/../lib/gcc/nios2-elf/4.1.2/../../../../nios2-elf/lib\libc.a(lib_a-putc.o)
 .data          0x0084b818        0x0 c:/altera/13.0sp1/nios2eds/bin/gnu/h-i686-mingw32/bin/../lib/gcc/nios2-elf/4.1.2/../../../../nios2-elf/lib\libc.a(lib_a-putchar.o)
 .data          0x0084b818        0x0 c:/altera/13.0sp1/nios2eds/bin/gnu/h-i686-mingw32/bin/../lib/gcc/nios2-elf/4.1.2/../../../../nios2-elf/lib\libc.a(lib_a-puts.o)
 .data          0x0084b818        0x0 c:/altera/13.0sp1/nios2eds/bin/gnu/h-i686-mingw32/bin/../lib/gcc/nios2-elf/4.1.2/../../../../nios2-elf/lib\libc.a(lib_a-rand.o)
 .data          0x0084b818        0x0 c:/altera/13.0sp1/nios2eds/bin/gnu/h-i686-mingw32/bin/../lib/gcc/nios2-elf/4.1.2/../../../../nios2-elf/lib\libc.a(lib_a-rget.o)
 .data          0x0084b818        0x0 c:/altera/13.0sp1/nios2eds/bin/gnu/h-i686-mingw32/bin/../lib/gcc/nios2-elf/4.1.2/../../../../nios2-elf/lib\libc.a(lib_a-sprintf.o)
 .data          0x0084b818        0x0 c:/altera/13.0sp1/nios2eds/bin/gnu/h-i686-mingw32/bin/../lib/gcc/nios2-elf/4.1.2/../../../../nios2-elf/lib\libc.a(lib_a-strchr.o)
 .data          0x0084b818        0x0 c:/altera/13.0sp1/nios2eds/bin/gnu/h-i686-mingw32/bin/../lib/gcc/nios2-elf/4.1.2/../../../../nios2-elf/lib\libc.a(lib_a-strcmp.o)
 .data          0x0084b818        0x0 c:/altera/13.0sp1/nios2eds/bin/gnu/h-i686-mingw32/bin/../lib/gcc/nios2-elf/4.1.2/../../../../nios2-elf/lib\libc.a(lib_a-strerror.o)
 .data          0x0084b818        0x0 c:/altera/13.0sp1/nios2eds/bin/gnu/h-i686-mingw32/bin/../lib/gcc/nios2-elf/4.1.2/../../../../nios2-elf/lib\libc.a(lib_a-strlen.o)
 .data          0x0084b818        0x0 c:/altera/13.0sp1/nios2eds/bin/gnu/h-i686-mingw32/bin/../lib/gcc/nios2-elf/4.1.2/../../../../nios2-elf/lib\libc.a(lib_a-strtol.o)
 .data          0x0084b818        0x0 c:/altera/13.0sp1/nios2eds/bin/gnu/h-i686-mingw32/bin/../lib/gcc/nios2-elf/4.1.2/../../../../nios2-elf/lib\libc.a(lib_a-time.o)
 .data          0x0084b818        0x0 c:/altera/13.0sp1/nios2eds/bin/gnu/h-i686-mingw32/bin/../lib/gcc/nios2-elf/4.1.2/../../../../nios2-elf/lib\libc.a(lib_a-u_strerr.o)
 .data          0x0084b818        0x0 c:/altera/13.0sp1/nios2eds/bin/gnu/h-i686-mingw32/bin/../lib/gcc/nios2-elf/4.1.2/../../../../nios2-elf/lib\libc.a(lib_a-vfprintf.o)
 .data          0x0084b818        0x0 c:/altera/13.0sp1/nios2eds/bin/gnu/h-i686-mingw32/bin/../lib/gcc/nios2-elf/4.1.2/../../../../nios2-elf/lib\libc.a(lib_a-wbuf.o)
 .data          0x0084b818        0x0 c:/altera/13.0sp1/nios2eds/bin/gnu/h-i686-mingw32/bin/../lib/gcc/nios2-elf/4.1.2/../../../../nios2-elf/lib\libc.a(lib_a-wsetup.o)
 .data          0x0084b818        0x0 c:/altera/13.0sp1/nios2eds/bin/gnu/h-i686-mingw32/bin/../lib/gcc/nios2-elf/4.1.2/../../../../nios2-elf/lib\libc.a(lib_a-__call_atexit.o)
 .data          0x0084b818        0x0 c:/altera/13.0sp1/nios2eds/bin/gnu/h-i686-mingw32/bin/../lib/gcc/nios2-elf/4.1.2/../../../../nios2-elf/lib\libc.a(lib_a-dtoa.o)
 .data          0x0084b818        0x0 c:/altera/13.0sp1/nios2eds/bin/gnu/h-i686-mingw32/bin/../lib/gcc/nios2-elf/4.1.2/../../../../nios2-elf/lib\libc.a(lib_a-fflush.o)
 .data          0x0084b818        0x0 c:/altera/13.0sp1/nios2eds/bin/gnu/h-i686-mingw32/bin/../lib/gcc/nios2-elf/4.1.2/../../../../nios2-elf/lib\libc.a(lib_a-findfp.o)
 .data          0x0084b818        0x0 c:/altera/13.0sp1/nios2eds/bin/gnu/h-i686-mingw32/bin/../lib/gcc/nios2-elf/4.1.2/../../../../nios2-elf/lib\libc.a(lib_a-fputc.o)
 .data          0x0084b818        0x0 c:/altera/13.0sp1/nios2eds/bin/gnu/h-i686-mingw32/bin/../lib/gcc/nios2-elf/4.1.2/../../../../nios2-elf/lib\libc.a(lib_a-fputs.o)